Component: ARM Compiler 5.06 update 6 (build 750) Tool: armlink [4d35ed]

==============================================================================

Section Cross References

    main.o(i.SystemClock_Config) refers to memseta.o(.text) for __aeabi_memclr4
    main.o(i.SystemClock_Config) refers to stm32f4xx_hal_rcc.o(i.HAL_RCC_OscConfig) for HAL_RCC_OscConfig
    main.o(i.SystemClock_Config) refers to stm32f4xx_hal_pwr_ex.o(i.HAL_PWREx_EnableOverDrive) for HAL_PWREx_EnableOverDrive
    main.o(i.SystemClock_Config) refers to stm32f4xx_hal_rcc.o(i.HAL_RCC_ClockConfig) for HAL_RCC_ClockConfig
    main.o(i.main) refers to stm32f4xx_hal.o(i.HAL_Init) for HAL_Init
    main.o(i.main) refers to main.o(i.SystemClock_Config) for SystemClock_Config
    main.o(i.main) refers to gpio.o(i.MX_GPIO_Init) for MX_GPIO_Init
    main.o(i.main) refers to usart.o(i.MX_USART1_UART_Init) for MX_USART1_UART_Init
    main.o(i.main) refers to tim.o(i.MX_TIM3_Init) for MX_TIM3_Init
    main.o(i.main) refers to tim.o(i.MX_TIM2_Init) for MX_TIM2_Init
    main.o(i.main) refers to delay.o(i.delay_init) for delay_init
    main.o(i.main) refers to sdram.o(i.SDRAM_Init) for SDRAM_Init
    main.o(i.main) refers to lcd.o(i.LCD_Init) for LCD_Init
    main.o(i.main) refers to lcd.o(i.LCD_ShowString) for LCD_ShowString
    main.o(i.main) refers to lcd.o(i.Chinese_Show_one) for Chinese_Show_one
    main.o(i.main) refers to printf8.o(i.__0sprintf$8) for __2sprintf
    main.o(i.main) refers to stm32f4xx_hal_gpio.o(i.HAL_GPIO_TogglePin) for HAL_GPIO_TogglePin
    main.o(i.main) refers to delay.o(i.delay_ms) for delay_ms
    main.o(i.main) refers to lcd.o(.data) for POINT_COLOR
    main.o(i.main) refers to lcd.o(.bss) for lcddev
    gpio.o(i.MX_GPIO_Init) refers to memseta.o(.text) for __aeabi_memclr4
    gpio.o(i.MX_GPIO_Init) refers to stm32f4xx_hal_gpio.o(i.HAL_GPIO_WritePin) for HAL_GPIO_WritePin
    gpio.o(i.MX_GPIO_Init) refers to stm32f4xx_hal_gpio.o(i.HAL_GPIO_Init) for HAL_GPIO_Init
    gpio.o(i.MX_GPIO_Init) refers to stm32f4xx_hal_cortex.o(i.HAL_NVIC_SetPriority) for HAL_NVIC_SetPriority
    gpio.o(i.MX_GPIO_Init) refers to stm32f4xx_hal_cortex.o(i.HAL_NVIC_EnableIRQ) for HAL_NVIC_EnableIRQ
    tim.o(i.HAL_TIM_Base_MspDeInit) refers to stm32f4xx_hal_cortex.o(i.HAL_NVIC_DisableIRQ) for HAL_NVIC_DisableIRQ
    tim.o(i.HAL_TIM_Base_MspInit) refers to stm32f4xx_hal_cortex.o(i.HAL_NVIC_SetPriority) for HAL_NVIC_SetPriority
    tim.o(i.HAL_TIM_Base_MspInit) refers to stm32f4xx_hal_cortex.o(i.HAL_NVIC_EnableIRQ) for HAL_NVIC_EnableIRQ
    tim.o(i.HAL_TIM_MspPostInit) refers to memseta.o(.text) for __aeabi_memclr4
    tim.o(i.HAL_TIM_MspPostInit) refers to stm32f4xx_hal_gpio.o(i.HAL_GPIO_Init) for HAL_GPIO_Init
    tim.o(i.MX_TIM2_Init) refers to stm32f4xx_hal_tim.o(i.HAL_TIM_Base_Init) for HAL_TIM_Base_Init
    tim.o(i.MX_TIM2_Init) refers to main.o(i.Error_Handler) for Error_Handler
    tim.o(i.MX_TIM2_Init) refers to stm32f4xx_hal_tim.o(i.HAL_TIM_ConfigClockSource) for HAL_TIM_ConfigClockSource
    tim.o(i.MX_TIM2_Init) refers to stm32f4xx_hal_tim_ex.o(i.HAL_TIMEx_MasterConfigSynchronization) for HAL_TIMEx_MasterConfigSynchronization
    tim.o(i.MX_TIM2_Init) refers to tim.o(.bss) for .bss
    tim.o(i.MX_TIM3_Init) refers to memseta.o(.text) for __aeabi_memclr4
    tim.o(i.MX_TIM3_Init) refers to stm32f4xx_hal_tim.o(i.HAL_TIM_PWM_Init) for HAL_TIM_PWM_Init
    tim.o(i.MX_TIM3_Init) refers to main.o(i.Error_Handler) for Error_Handler
    tim.o(i.MX_TIM3_Init) refers to stm32f4xx_hal_tim_ex.o(i.HAL_TIMEx_MasterConfigSynchronization) for HAL_TIMEx_MasterConfigSynchronization
    tim.o(i.MX_TIM3_Init) refers to stm32f4xx_hal_tim.o(i.HAL_TIM_PWM_ConfigChannel) for HAL_TIM_PWM_ConfigChannel
    tim.o(i.MX_TIM3_Init) refers to tim.o(i.HAL_TIM_MspPostInit) for HAL_TIM_MspPostInit
    tim.o(i.MX_TIM3_Init) refers to tim.o(.bss) for .bss
    usart.o(i.HAL_UART_MspDeInit) refers to stm32f4xx_hal_gpio.o(i.HAL_GPIO_DeInit) for HAL_GPIO_DeInit
    usart.o(i.HAL_UART_MspDeInit) refers to stm32f4xx_hal_cortex.o(i.HAL_NVIC_DisableIRQ) for HAL_NVIC_DisableIRQ
    usart.o(i.HAL_UART_MspInit) refers to memseta.o(.text) for __aeabi_memclr4
    usart.o(i.HAL_UART_MspInit) refers to stm32f4xx_hal_gpio.o(i.HAL_GPIO_Init) for HAL_GPIO_Init
    usart.o(i.HAL_UART_MspInit) refers to stm32f4xx_hal_cortex.o(i.HAL_NVIC_SetPriority) for HAL_NVIC_SetPriority
    usart.o(i.HAL_UART_MspInit) refers to stm32f4xx_hal_cortex.o(i.HAL_NVIC_EnableIRQ) for HAL_NVIC_EnableIRQ
    usart.o(i.MX_USART1_UART_Init) refers to stm32f4xx_hal_uart.o(i.HAL_UART_Init) for HAL_UART_Init
    usart.o(i.MX_USART1_UART_Init) refers to main.o(i.Error_Handler) for Error_Handler
    usart.o(i.MX_USART1_UART_Init) refers to usart.o(.bss) for .bss
    stm32f4xx_it.o(i.EXTI3_IRQHandler) refers to stm32f4xx_hal_gpio.o(i.HAL_GPIO_EXTI_IRQHandler) for HAL_GPIO_EXTI_IRQHandler
    stm32f4xx_it.o(i.SysTick_Handler) refers to stm32f4xx_hal.o(i.HAL_IncTick) for HAL_IncTick
[...]
    ../Drivers/STM32F4xx_HAL_Driver/Src/stm32f4xx_hal_tim.c 0x00000000   Number         0  stm32f4xx_hal_tim.o ABSOLUTE
    ../Drivers/STM32F4xx_HAL_Driver/Src/stm32f4xx_hal_tim_ex.c 0x00000000   Number         0  stm32f4xx_hal_tim_ex.o ABSOLUTE
    ../Drivers/STM32F4xx_HAL_Driver/Src/stm32f4xx_hal_uart.c 0x00000000   Number         0  stm32f4xx_hal_uart.o ABSOLUTE
    ../clib/../cmprslib/zerorunl.c           0x00000000   Number         0  __dczerorl.o ABSOLUTE
    ../clib/microlib/division.c              0x00000000   Number         0  uldiv.o ABSOLUTE
    ../clib/microlib/division.c              0x00000000   Number         0  uidiv.o ABSOLUTE
    ../clib/microlib/init/entry.s            0x00000000   Number         0  entry.o ABSOLUTE
    ../clib/microlib/init/entry.s            0x00000000   Number         0  entry2.o ABSOLUTE
    ../clib/microlib/init/entry.s            0x00000000   Number         0  entry8a.o ABSOLUTE
    ../clib/microlib/init/entry.s            0x00000000   Number         0  entry7b.o ABSOLUTE
    ../clib/microlib/init/entry.s            0x00000000   Number         0  entry11a.o ABSOLUTE
    ../clib/microlib/init/entry.s            0x00000000   Number         0  entry10b.o ABSOLUTE
    ../clib/microlib/init/entry.s            0x00000000   Number         0  entry7a.o ABSOLUTE
    ../clib/microlib/init/entry.s            0x00000000   Number         0  entry10a.o ABSOLUTE
    ../clib/microlib/init/entry.s            0x00000000   Number         0  entry9b.o ABSOLUTE
    ../clib/microlib/init/entry.s            0x00000000   Number         0  entry8b.o ABSOLUTE
    ../clib/microlib/init/entry.s            0x00000000   Number         0  entry11b.o ABSOLUTE
    ../clib/microlib/init/entry.s            0x00000000   Number         0  entry5.o ABSOLUTE
    ../clib/microlib/init/entry.s            0x00000000   Number         0  entry9a.o ABSOLUTE
    ../clib/microlib/longlong.c              0x00000000   Number         0  llsshr.o ABSOLUTE
    ../clib/microlib/longlong.c              0x00000000   Number         0  llushr.o ABSOLUTE
    ../clib/microlib/longlong.c              0x00000000   Number         0  llshl.o ABSOLUTE
    ../clib/microlib/printf/printf.c         0x00000000   Number         0  printf2.o ABSOLUTE
    ../clib/microlib/printf/printf.c         0x00000000   Number         0  printf0.o ABSOLUTE
    ../clib/microlib/printf/printf.c         0x00000000   Number         0  printfb.o ABSOLUTE
    ../clib/microlib/printf/printf.c         0x00000000   Number         0  printf1.o ABSOLUTE
    ../clib/microlib/printf/printf.c         0x00000000   Number         0  printfa.o ABSOLUTE
    ../clib/microlib/printf/printf.c         0x00000000   Number         0  printf8.o ABSOLUTE
    ../clib/microlib/printf/printf.c         0x00000000   Number         0  printf7.o ABSOLUTE
    ../clib/microlib/printf/printf.c         0x00000000   Number         0  printf6.o ABSOLUTE
    ../clib/microlib/printf/printf.c         0x00000000   Number         0  printf5.o ABSOLUTE
    ../clib/microlib/printf/printf.c         0x00000000   Number         0  printf4.o ABSOLUTE
    ../clib/microlib/printf/printf.c         0x00000000   Number         0  printf3.o ABSOLUTE
    ../clib/microlib/printf/stubs.s          0x00000000   Number         0  stubs.o ABSOLUTE
    ../clib/microlib/stdio/fputc.c           0x00000000   Number         0  fputc.o ABSOLUTE
    ../clib/microlib/stdio/semi.s            0x00000000   Number         0  semi.o ABSOLUTE
    ../clib/microlib/stdio/streams.c         0x00000000   Number         0  stdout.o ABSOLUTE
    ../clib/microlib/string/memcpy.c         0x00000000   Number         0  memcpyb.o ABSOLUTE
    ../clib/microlib/string/memcpy.c         0x00000000   Number         0  memcpya.o ABSOLUTE
    ../clib/microlib/string/memset.c         0x00000000   Number         0  memseta.o ABSOLUTE
    ../clib/microlib/stubs.s                 0x00000000   Number         0  iusefp.o ABSOLUTE
    ../clib/microlib/stubs.s                 0x00000000   Number         0  iusesemip.o ABSOLUTE
    ../fplib/microlib/fpadd.c                0x00000000   Number         0  dadd.o ABSOLUTE
    ../fplib/microlib/fpdiv.c                0x00000000   Number         0  ddiv.o ABSOLUTE
    ../fplib/microlib/fpepilogue.c           0x00000000   Number         0  depilogue.o ABSOLUTE
    ../fplib/microlib/fpfix.c                0x00000000   Number         0  dfixui.o ABSOLUTE
    ../fplib/microlib/fpfix.c                0x00000000   Number         0  dfixul.o ABSOLUTE
    ../fplib/microlib/fpflt.c                0x00000000   Number         0  dfltui.o ABSOLUTE
    ../fplib/microlib/fpmul.c                0x00000000   Number         0  dmul.o ABSOLUTE
    ..\Core\Src\gpio.c                       0x00000000   Number         0  gpio.o ABSOLUTE
    ..\Core\Src\main.c                       0x00000000   Number         0  main.o ABSOLUTE
    ..\Core\Src\stm32f4xx_hal_msp.c          0x00000000   Number         0  stm32f4xx_hal_msp.o ABSOLUTE
    ..\Core\Src\stm32f4xx_it.c               0x00000000   Number         0  stm32f4xx_it.o ABSOLUTE
    ..\Core\Src\system_stm32f4xx.c           0x00000000   Number         0  system_stm32f4xx.o ABSOLUTE
    ..\Core\Src\tim.c                        0x00000000   Number         0  tim.o ABSOLUTE
    ..\Core\Src\usart.c                      0x00000000   Number         0  usart.o ABSOLUTE
    ..\Drivers\STM32F4xx_HAL_Driver\Src\stm32f4xx_hal.c 0x00000000   Number         0  stm32f4xx_hal.o ABSOLUTE
    ..\Drivers\STM32F4xx_HAL_Driver\Src\stm32f4xx_hal_cortex.c 0x00000000   Number         0  stm32f4xx_hal_cortex.o ABSOLUTE
    ..\Drivers\STM32F4xx_HAL_Driver\Src\stm32f4xx_hal_dma.c 0x00000000   Number         0  stm32f4xx_hal_dma.o ABSOLUTE
    ..\Drivers\STM32F4xx_HAL_Driver\Src\stm32f4xx_hal_dma2d.c 0x00000000   Number         0  stm32f4xx_hal_dma2d.o ABSOLUTE
    ..\Drivers\STM32F4xx_HAL_Driver\Src\stm32f4xx_hal_dma_ex.c 0x00000000   Number         0  stm32f4xx_hal_dma_ex.o ABSOLUTE
    ..\Drivers\STM32F4xx_HAL_Driver\Src\stm32f4xx_hal_exti.c 0x00000000   Number         0  stm32f4xx_hal_exti.o ABSOLUTE
    ..\Drivers\STM32F4xx_HAL_Driver\Src\stm32f4xx_hal_flash.c 0x00000000   Number         0  stm32f4xx_hal_flash.o ABSOLUTE
    ..\Drivers\STM32F4xx_HAL_Driver\Src\stm32f4xx_hal_flash_ex.c 0x00000000   Number         0  stm32f4xx_hal_flash_ex.o ABSOLUTE
    ..\Drivers\STM32F4xx_HAL_Driver\Src\stm32f4xx_hal_flash_ramfunc.c 0x00000000   Number         0  stm32f4xx_hal_flash_ramfunc.o ABSOLUTE
    ..\Drivers\STM32F4xx_HAL_Driver\Src\stm32f4xx_hal_gpio.c 0x00000000   Number         0  stm32f4xx_hal_gpio.o ABSOLUTE
    ..\Drivers\STM32F4xx_HAL_Driver\Src\stm32f4xx_hal_ltdc.c 0x00000000   Number         0  stm32f4xx_hal_ltdc.o ABSOLUTE
    ..\Drivers\STM32F4xx_HAL_Driver\Src\stm32f4xx_hal_ltdc_ex.c 0x00000000   Number         0  stm32f4xx_hal_ltdc_ex.o ABSOLUTE
    ..\Drivers\STM32F4xx_HAL_Driver\Src\stm32f4xx_hal_pwr.c 0x00000000   Number         0  stm32f4xx_hal_pwr.o ABSOLUTE
    ..\Drivers\STM32F4xx_HAL_Driver\Src\stm32f4xx_hal_pwr_ex.c 0x00000000   Number         0  stm32f4xx_hal_pwr_ex.o ABSOLUTE
    ..\Drivers\STM32F4xx_HAL_Driver\Src\stm32f4xx_hal_rcc.c 0x00000000   Number         0  stm32f4xx_hal_rcc.o ABSOLUTE
    ..\Drivers\STM32F4xx_HAL_Driver\Src\stm32f4xx_hal_rcc_ex.c 0x00000000   Number         0  stm32f4xx_hal_rcc_ex.o ABSOLUTE
    ..\Drivers\STM32F4xx_HAL_Driver\Src\stm32f4xx_hal_sdram.c 0x00000000   Number         0  stm32f4xx_hal_sdram.o ABSOLUTE
    ..\Drivers\STM32F4xx_HAL_Driver\Src\stm32f4xx_hal_sram.c 0x00000000   Number         0  stm32f4xx_hal_sram.o ABSOLUTE
    ..\Drivers\STM32F4xx_HAL_Driver\Src\stm32f4xx_hal_tim.c 0x00000000   Number         0  stm32f4xx_hal_tim.o ABSOLUTE
    ..\Drivers\STM32F4xx_HAL_Driver\Src\stm32f4xx_hal_tim_ex.c 0x00000000   Number         0  stm32f4xx_hal_tim_ex.o ABSOLUTE
    ..\Drivers\STM32F4xx_HAL_Driver\Src\stm32f4xx_hal_uart.c 0x00000000   Number         0  stm32f4xx_hal_uart.o ABSOLUTE
    ..\Drivers\STM32F4xx_HAL_Driver\Src\stm32f4xx_ll_fmc.c 0x00000000   Number         0  stm32f4xx_ll_fmc.o ABSOLUTE
    ..\\Drivers\\STM32F4xx_HAL_Driver\\Src\\stm32f4xx_hal_dma2d.c 0x00000000   Number         0  stm32f4xx_hal_dma2d.o ABSOLUTE
    ..\\Drivers\\STM32F4xx_HAL_Driver\\Src\\stm32f4xx_hal_ltdc.c 0x00000000   Number         0  stm32f4xx_hal_ltdc.o ABSOLUTE
    ..\\Drivers\\STM32F4xx_HAL_Driver\\Src\\stm32f4xx_hal_ltdc_ex.c 0x00000000   Number         0  stm32f4xx_hal_ltdc_ex.o ABSOLUTE
    ..\\Drivers\\STM32F4xx_HAL_Driver\\Src\\stm32f4xx_hal_sdram.c 0x00000000   Number         0  stm32f4xx_hal_sdram.o ABSOLUTE
    ..\\Drivers\\STM32F4xx_HAL_Driver\\Src\\stm32f4xx_hal_sram.c 0x00000000   Number         0  stm32f4xx_hal_sram.o ABSOLUTE
    ..\\Drivers\\STM32F4xx_HAL_Driver\\Src\\stm32f4xx_ll_fmc.c 0x00000000   Number         0  stm32f4xx_ll_fmc.o ABSOLUTE
    HARDWARE\LCD\lcd.c                       0x00000000   Number         0  lcd.o ABSOLUTE
    HARDWARE\LCD\ltdc.c                      0x00000000   Number         0  ltdc.o ABSOLUTE
    HARDWARE\SDRAM\sdram.c                   0x00000000   Number         0  sdram.o ABSOLUTE
    HARDWARE\\LCD\\lcd.c                     0x00000000   Number         0  lcd.o ABSOLUTE
    HARDWARE\\LCD\\ltdc.c                    0x00000000   Number         0  ltdc.o ABSOLUTE
    HARDWARE\\SDRAM\\sdram.c                 0x00000000   Number         0  sdram.o ABSOLUTE
    SYSTEM\\delay\\delay.c                   0x00000000   Number         0  delay.o ABSOLUTE
    SYSTEM\\sys\\sys.c                       0x00000000   Number         0  sys.o ABSOLUTE
    SYSTEM\delay\delay.c                     0x00000000   Number         0  delay.o ABSOLUTE
    SYSTEM\sys\sys.c                         0x00000000   Number         0  sys.o ABSOLUTE
    cdrcmple.s                               0x00000000   Number         0  cdrcmple.o ABSOLUTE
    dc.s                                     0x00000000   Number         0  dc.o ABSOLUTE
    handlers.s                               0x00000000   Number         0  handlers.o ABSOLUTE
    init.s                                   0x00000000   Number         0  init.o ABSOLUTE
    startup_stm32f429xx.s                    0x00000000   Number         0  startup_stm32f429xx.o ABSOLUTE
    RESET                                    0x08000000   Section      428  startup_stm32f429xx.o(RESET)
    .ARM.Collect$$$$00000000                 0x080001ac   Section        0  entry.o(.ARM.Collect$$$$00000000)
    .ARM.Collect$$$$00000001                 0x080001ac   Section        4  entry2.o(.ARM.Collect$$$$00000001)
    .ARM.Collect$$$$00000004                 0x080001b0   Section        4  entry5.o(.ARM.Collect$$$$00000004)
    .ARM.Collect$$$$00000008                 0x080001b4   Section        0  entry7b.o(.ARM.Collect$$$$00000008)
    .ARM.Collect$$$$0000000A                 0x080001b4   Section        0  entry8b.o(.ARM.Collect$$$$0000000A)
    .ARM.Collect$$$$0000000B                 0x080001b4   Section        8  entry9a.o(.ARM.Collect$$$$0000000B)
    .ARM.Collect$$$$0000000D                 0x080001bc   Section        0  entry10a.o(.ARM.Collect$$$$0000000D)
    .ARM.Collect$$$$0000000F                 0x080001bc   Section        0  entry11a.o(.ARM.Collect$$$$0000000F)
    .ARM.Collect$$$$00002712                 0x080001bc   Section        4  entry2.o(.ARM.Collect$$$$00002712)
    __lit__00000000                          0x080001bc   Data           4  entry2.o(.ARM.Collect$$$$00002712)
    .text                                    0x080001c0   Section       36  startup_stm32f429xx.o(.text)
    $v0                                      0x080001c0   Number         0  startup_stm32f429xx.o(.text)
    .text                                    0x080001e4   Section        0  uldiv.o(.text)
    .text                                    0x08000246   Section        0  memcpya.o(.text)
    .text                                    0x0800026a   Section        0  memseta.o(.text)
    .text                                    0x0800028e   Section        0  dmul.o(.text)
    .text                                    0x08000372   Section        0  dfltui.o(.text)
    .text                                    0x0800038c   Section        0  dfixui.o(.text)
    .text                                    0x080003be   Section        0  llshl.o(.text)
    .text                                    0x080003dc   Section        0  llushr.o(.text)
    .text                                    0x080003fc   Section        0  depilogue.o(.text)
    .text                                    0x080003fc   Section        0  iusefp.o(.text)
    .text                                    0x080004b8   Section       36  init.o(.text)
    .text                                    0x080004dc   Section        0  iusesemip.o(.text)
    .text                                    0x080004dc   Section        0  semi.o(.text)
    .text                                    0x080004dc   Section        0  __dczerorl.o(.text)
    i.BusFault_Handler                       0x08000516   Section        0  stm32f4xx_it.o(i.BusFault_Handler)
    i.Chinese_Show_one                       0x08000518   Section        0  lcd.o(i.Chinese_Show_one)
    i.DebugMon_Handler                       0x080005a4   Section        0  stm32f4xx_it.o(i.DebugMon_Handler)
    i.EXTI3_IRQHandler                       0x080005a6   Section        0  stm32f4xx_it.o(i.EXTI3_IRQHandler)
    i.Error_Handler                          0x080005ac   Section        0  main.o(i.Error_Handler)
    i.FMC_NORSRAM_Extended_Timing_Init       0x080005b0   Section        0  stm32f4xx_ll_fmc.o(i.FMC_NORSRAM_Extended_Timing_Init)
    i.FMC_NORSRAM_Init                       0x080005f0   Section        0  stm32f4xx_ll_fmc.o(i.FMC_NORSRAM_Init)
    i.FMC_NORSRAM_Timing_Init                0x0800065c   Section        0  stm32f4xx_ll_fmc.o(i.FMC_NORSRAM_Timing_Init)
    i.FMC_SDRAM_Init                         0x080006b8   Section        0  stm32f4xx_ll_fmc.o(i.FMC_SDRAM_Init)
    i.FMC_SDRAM_ProgramRefreshRate           0x08000708   Section        0  stm32f4xx_ll_fmc.o(i.FMC_SDRAM_ProgramRefreshRate)
    i.FMC_SDRAM_SendCommand                  0x08000714   Section        0  stm32f4xx_ll_fmc.o(i.FMC_SDRAM_SendCommand)
    i.FMC_SDRAM_Timing_Init                  0x0800075c   Section        0  stm32f4xx_ll_fmc.o(i.FMC_SDRAM_Timing_Init)
    i.HAL_DMA_Abort_IT                       0x080007dc   Section        0  stm32f4xx_hal_dma.o(i.HAL_DMA_Abort_IT)
    i.HAL_GPIO_EXTI_Callback                 0x08000800   Section        0  stm32f4xx_hal_gpio.o(i.HAL_GPIO_EXTI_Callback)
    i.HAL_GPIO_EXTI_IRQHandler               0x08000804   Section        0  stm32f4xx_hal_gpio.o(i.HAL_GPIO_EXTI_IRQHandler)
    i.HAL_GPIO_Init                          0x0800081c   Section        0  stm32f4xx_hal_gpio.o(i.HAL_GPIO_Init)
    i.HAL_GPIO_ReadPin                       0x080009f0   Section        0  stm32f4xx_hal_gpio.o(i.HAL_GPIO_ReadPin)
    i.HAL_GPIO_TogglePin                     0x080009fa   Section        0  stm32f4xx_hal_gpio.o(i.HAL_GPIO_TogglePin)
    i.HAL_GPIO_WritePin                      0x08000a08   Section        0  stm32f4xx_hal_gpio.o(i.HAL_GPIO_WritePin)
    i.HAL_GetTick                            0x08000a14   Section        0  stm32f4xx_hal.o(i.HAL_GetTick)
    i.HAL_IncTick                            0x08000a20   Section        0  stm32f4xx_hal.o(i.HAL_IncTick)
    i.HAL_Init                               0x08000a30   Section        0  stm32f4xx_hal.o(i.HAL_Init)
    i.HAL_InitTick                           0x08000a64   Section        0  stm32f4xx_hal.o(i.HAL_InitTick)
    i.HAL_LTDC_ConfigLayer                   0x08000aa4   Section        0  stm32f4xx_hal_ltdc.o(i.HAL_LTDC_ConfigLayer)
    i.HAL_LTDC_Init                          0x08000af8   Section        0  stm32f4xx_hal_ltdc.o(i.HAL_LTDC_Init)
    i.HAL_LTDC_MspInit                       0x08000bec   Section        0  ltdc.o(i.HAL_LTDC_MspInit)
    i.HAL_LTDC_SetWindowPosition             0x08000ce0   Section        0  stm32f4xx_hal_ltdc.o(i.HAL_LTDC_SetWindowPosition)
    i.HAL_LTDC_SetWindowSize                 0x08000d34   Section        0  stm32f4xx_hal_ltdc.o(i.HAL_LTDC_SetWindowSize)
    i.HAL_MspInit                            0x08000d88   Section        0  stm32f4xx_hal_msp.o(i.HAL_MspInit)
    i.HAL_NVIC_EnableIRQ                     0x08000db8   Section        0  stm32f4xx_hal_cortex.o(i.HAL_NVIC_EnableIRQ)
    i.HAL_NVIC_SetPriority                   0x08000dd4   Section        0  stm32f4xx_hal_cortex.o(i.HAL_NVIC_SetPriority)
    i.HAL_NVIC_SetPriorityGrouping           0x08000e14   Section        0  stm32f4xx_hal_cortex.o(i.HAL_NVIC_SetPriorityGrouping)
    i.HAL_PWREx_EnableOverDrive              0x08000e38   Section        0  stm32f4xx_hal_pwr_ex.o(i.HAL_PWREx_EnableOverDrive)
    i.HAL_RCCEx_PeriphCLKConfig              0x08000ea8   Section        0  stm32f4xx_hal_rcc_ex.o(i.HAL_RCCEx_PeriphCLKConfig)
    i.HAL_RCC_ClockConfig                    0x080010fc   Section        0  stm32f4xx_hal_rcc.o(i.HAL_RCC_ClockConfig)
    i.HAL_RCC_GetPCLK1Freq                   0x08001230   Section        0  stm32f4xx_hal_rcc.o(i.HAL_RCC_GetPCLK1Freq)
    i.HAL_RCC_GetPCLK2Freq                   0x08001250   Section        0  stm32f4xx_hal_rcc.o(i.HAL_RCC_GetPCLK2Freq)
    i.HAL_RCC_GetSysClockFreq                0x08001270   Section        0  stm32f4xx_hal_rcc.o(i.HAL_RCC_GetSysClockFreq)
    i.HAL_RCC_OscConfig                      0x080012d4   Section        0  stm32f4xx_hal_rcc.o(i.HAL_RCC_OscConfig)
    i.HAL_SDRAM_Init                         0x08001630   Section        0  stm32f4xx_hal_sdram.o(i.HAL_SDRAM_Init)
    i.HAL_SDRAM_MspInit                      0x08001674   Section        0  sdram.o(i.HAL_SDRAM_MspInit)
    i.HAL_SDRAM_ProgramRefreshRate           0x08001750   Section        0  stm32f4xx_hal_sdram.o(i.HAL_SDRAM_ProgramRefreshRate)
    i.HAL_SDRAM_SendCommand                  0x08001774   Section        0  stm32f4xx_hal_sdram.o(i.HAL_SDRAM_SendCommand)
    i.HAL_SRAM_Init                          0x080017a4   Section        0  stm32f4xx_hal_sram.o(i.HAL_SRAM_Init)
    i.HAL_SRAM_MspInit                       0x080017fc   Section        0  lcd.o(i.HAL_SRAM_MspInit)
    i.HAL_SYSTICK_CLKSourceConfig            0x08001874   Section        0  stm32f4xx_hal_cortex.o(i.HAL_SYSTICK_CLKSourceConfig)
    i.HAL_SYSTICK_Config                     0x0800188c   Section        0  stm32f4xx_hal_cortex.o(i.HAL_SYSTICK_Config)
    i.HAL_TIMEx_BreakCallback                0x080018b4   Section        0  stm32f4xx_hal_tim_ex.o(i.HAL_TIMEx_BreakCallback)
    i.HAL_TIMEx_CommutCallback               0x080018b6   Section        0  stm32f4xx_hal_tim_ex.o(i.HAL_TIMEx_CommutCallback)
    i.HAL_TIMEx_MasterConfigSynchronization  0x080018b8   Section        0  stm32f4xx_hal_tim_ex.o(i.HAL_TIMEx_MasterConfigSynchronization)
    i.HAL_TIM_Base_Init                      0x08001948   Section        0  stm32f4xx_hal_tim.o(i.HAL_TIM_Base_Init)
    i.HAL_TIM_Base_MspInit                   0x08001980   Section        0  tim.o(i.HAL_TIM_Base_MspInit)
    i.HAL_TIM_ConfigClockSource              0x080019b8   Section        0  stm32f4xx_hal_tim.o(i.HAL_TIM_ConfigClockSource)
    i.HAL_TIM_IC_CaptureCallback             0x08001a8e   Section        0  stm32f4xx_hal_tim.o(i.HAL_TIM_IC_CaptureCallback)
    i.HAL_TIM_IRQHandler                     0x08001a90   Section        0  stm32f4xx_hal_tim.o(i.HAL_TIM_IRQHandler)
    i.HAL_TIM_MspPostInit                    0x08001bf8   Section        0  tim.o(i.HAL_TIM_MspPostInit)
    i.HAL_TIM_OC_DelayElapsedCallback        0x08001c48   Section        0  stm32f4xx_hal_tim.o(i.HAL_TIM_OC_DelayElapsedCallback)
    i.HAL_TIM_PWM_ConfigChannel              0x08001c4a   Section        0  stm32f4xx_hal_tim.o(i.HAL_TIM_PWM_ConfigChannel)
    i.HAL_TIM_PWM_Init                       0x08001d1a   Section        0  stm32f4xx_hal_tim.o(i.HAL_TIM_PWM_Init)
    i.HAL_TIM_PWM_MspInit                    0x08001d50   Section        0  tim.o(i.HAL_TIM_PWM_MspInit)
    i.HAL_TIM_PWM_PulseFinishedCallback      0x08001d78   Section        0  stm32f4xx_hal_tim.o(i.HAL_TIM_PWM_PulseFinishedCallback)
    i.HAL_TIM_PeriodElapsedCallback          0x08001d7a   Section        0  stm32f4xx_hal_tim.o(i.HAL_TIM_PeriodElapsedCallback)
    i.HAL_TIM_TriggerCallback                0x08001d7c   Section        0  stm32f4xx_hal_tim.o(i.HAL_TIM_TriggerCallback)
    i.HAL_UART_ErrorCallback                 0x08001d7e   Section        0  stm32f4xx_hal_uart.o(i.HAL_UART_ErrorCallback)
    i.HAL_UART_IRQHandler                    0x08001d80   Section        0  stm32f4xx_hal_uart.o(i.HAL_UART_IRQHandler)
    i.HAL_UART_Init                          0x08001e94   Section        0  stm32f4xx_hal_uart.o(i.HAL_UART_Init)
    i.HAL_UART_MspInit                       0x08001ef8   Section        0  usart.o(i.HAL_UART_MspInit)
    i.HAL_UART_RxCpltCallback                0x08001f74   Section        0  stm32f4xx_hal_uart.o(i.HAL_UART_RxCpltCallback)
    i.HAL_UART_TxCpltCallback                0x08001f76   Section        0  stm32f4xx_hal_uart.o(i.HAL_UART_TxCpltCallback)
    i.HardFault_Handler                      0x08001f78   Section        0  stm32f4xx_it.o(i.HardFault_Handler)
    i.LCD_Clear                              0x08001f7c   Section        0  lcd.o(i.LCD_Clear)
    i.LCD_Display_Dir                        0x08001fc4   Section        0  lcd.o(i.LCD_Display_Dir)
    i.LCD_Fast_DrawPoint                     0x080020b8   Section        0  lcd.o(i.LCD_Fast_DrawPoint)
    i.LCD_Init                               0x080021ac   Section        0  lcd.o(i.LCD_Init)
    i.LCD_RD_DATA                            0x08004534   Section        0  lcd.o(i.LCD_RD_DATA)
    i.LCD_SSD_BackLightSet                   0x08004548   Section        0  lcd.o(i.LCD_SSD_BackLightSet)
    i.LCD_Scan_Dir                           0x08004598   Section        0  lcd.o(i.LCD_Scan_Dir)
    i.LCD_SetCursor                          0x08004750   Section        0  lcd.o(i.LCD_SetCursor)
    i.LCD_ShowChar                           0x08004854   Section        0  lcd.o(i.LCD_ShowChar)
    i.LCD_ShowString                         0x08004938   Section        0  lcd.o(i.LCD_ShowString)
    i.LCD_WR_DATA                            0x0800498c   Section        0  lcd.o(i.LCD_WR_DATA)
    i.LCD_WR_REG                             0x080049a4   Section        0  lcd.o(i.LCD_WR_REG)
    i.LCD_WriteRAM_Prepare                   0x080049bc   Section        0  lcd.o(i.LCD_WriteRAM_Prepare)
    i.LCD_WriteReg                           0x080049d0   Section        0  lcd.o(i.LCD_WriteReg)
    i.LTDC_Clear                             0x080049e0   Section        0  ltdc.o(i.LTDC_Clear)
    i.LTDC_Clk_Set                           0x08004a00   Section        0  ltdc.o(i.LTDC_Clk_Set)
    i.LTDC_Display_Dir                       0x08004a20   Section        0  ltdc.o(i.LTDC_Display_Dir)
    i.LTDC_Draw_Point                        0x08004a44   Section        0  ltdc.o(i.LTDC_Draw_Point)
    i.LTDC_Fill                              0x08004a80   Section        0  ltdc.o(i.LTDC_Fill)
    i.LTDC_Init                              0x08004b34   Section        0  ltdc.o(i.LTDC_Init)
    i.LTDC_Layer_Parameter_Config            0x08004d14   Section        0  ltdc.o(i.LTDC_Layer_Parameter_Config)
    i.LTDC_Layer_Window_Config               0x08004d70   Section        0  ltdc.o(i.LTDC_Layer_Window_Config)
    i.LTDC_PanelID_Read                      0x08004d94   Section        0  ltdc.o(i.LTDC_PanelID_Read)
    i.LTDC_SetConfig                         0x08004e4c   Section        0  stm32f4xx_hal_ltdc.o(i.LTDC_SetConfig)
    LTDC_SetConfig                           0x08004e4d   Thumb Code   354  stm32f4xx_hal_ltdc.o(i.LTDC_SetConfig)
    i.MX_GPIO_Init                           0x08004fb0   Section        0  gpio.o(i.MX_GPIO_Init)
    i.MX_TIM2_Init                           0x08005044   Section        0  tim.o(i.MX_TIM2_Init)
    i.MX_TIM3_Init                           0x080050ac   Section        0  tim.o(i.MX_TIM3_Init)
    i.MX_USART1_UART_Init                    0x08005120   Section        0  usart.o(i.MX_USART1_UART_Init)
    i.MemManage_Handler                      0x08005158   Section        0  stm32f4xx_it.o(i.MemManage_Handler)
    i.NMI_Handler                            0x0800515a   Section        0  stm32f4xx_it.o(i.NMI_Handler)
    i.PendSV_Handler                         0x0800515c   Section        0  stm32f4xx_it.o(i.PendSV_Handler)
    i.SDRAM_Init                             0x08005160   Section        0  sdram.o(i.SDRAM_Init)
    i.SDRAM_Initialization_Sequence          0x080051c0   Section        0  sdram.o(i.SDRAM_Initialization_Sequence)
    i.SDRAM_Send_Cmd                         0x08005210   Section        0  sdram.o(i.SDRAM_Send_Cmd)
    i.SVC_Handler                            0x08005244   Section        0  stm32f4xx_it.o(i.SVC_Handler)
    i.SysTick_Handler                        0x08005246   Section        0  stm32f4xx_it.o(i.SysTick_Handler)
    i.SystemClock_Config                     0x0800524c   Section        0  main.o(i.SystemClock_Config)
    i.SystemInit                             0x080052e8   Section        0  system_stm32f4xx.o(i.SystemInit)
    i.TIM2_IRQHandler                        0x08005304   Section        0  stm32f4xx_it.o(i.TIM2_IRQHandler)
    i.TIM_Base_SetConfig                     0x08005310   Section        0  stm32f4xx_hal_tim.o(i.TIM_Base_SetConfig)
    i.TIM_ETR_SetConfig                      0x080053d8   Section        0  stm32f4xx_hal_tim.o(i.TIM_ETR_SetConfig)
    i.TIM_ITRx_SetConfig                     0x080053ec   Section        0  stm32f4xx_hal_tim.o(i.TIM_ITRx_SetConfig)
    TIM_ITRx_SetConfig                       0x080053ed   Thumb Code    16  stm32f4xx_hal_tim.o(i.TIM_ITRx_SetConfig)
    i.TIM_OC1_SetConfig                      0x080053fc   Section        0  stm32f4xx_hal_tim.o(i.TIM_OC1_SetConfig)
    TIM_OC1_SetConfig                        0x080053fd   Thumb Code    88  stm32f4xx_hal_tim.o(i.TIM_OC1_SetConfig)
    i.TIM_OC2_SetConfig                      0x0800545c   Section        0  stm32f4xx_hal_tim.o(i.TIM_OC2_SetConfig)
    i.TIM_OC3_SetConfig                      0x080054c8   Section        0  stm32f4xx_hal_tim.o(i.TIM_OC3_SetConfig)
    TIM_OC3_SetConfig                        0x080054c9   Thumb Code    96  stm32f4xx_hal_tim.o(i.TIM_OC3_SetConfig)
    i.TIM_OC4_SetConfig                      0x08005530   Section        0  stm32f4xx_hal_tim.o(i.TIM_OC4_SetConfig)
    TIM_OC4_SetConfig                        0x08005531   Thumb Code    70  stm32f4xx_hal_tim.o(i.TIM_OC4_SetConfig)
    i.TIM_TI1_ConfigInputStage               0x08005580   Section        0  stm32f4xx_hal_tim.o(i.TIM_TI1_ConfigInputStage)
    TIM_TI1_ConfigInputStage                 0x08005581   Thumb Code    34  stm32f4xx_hal_tim.o(i.TIM_TI1_ConfigInputStage)
    i.TIM_TI2_ConfigInputStage               0x080055a2   Section        0  stm32f4xx_hal_tim.o(i.TIM_TI2_ConfigInputStage)
    TIM_TI2_ConfigInputStage                 0x080055a3   Thumb Code    36  stm32f4xx_hal_tim.o(i.TIM_TI2_ConfigInputStage)
    i.UART_DMAAbortOnError                   0x080055c6   Section        0  stm32f4xx_hal_uart.o(i.UART_DMAAbortOnError)
    UART_DMAAbortOnError                     0x080055c7   Thumb Code    16  stm32f4xx_hal_uart.o(i.UART_DMAAbortOnError)
    i.UART_EndRxTransfer                     0x080055d6   Section        0  stm32f4xx_hal_uart.o(i.UART_EndRxTransfer)
    UART_EndRxTransfer                       0x080055d7   Thumb Code    28  stm32f4xx_hal_uart.o(i.UART_EndRxTransfer)
    i.UART_Receive_IT                        0x080055f2   Section        0  stm32f4xx_hal_uart.o(i.UART_Receive_IT)
    UART_Receive_IT                          0x080055f3   Thumb Code   150  stm32f4xx_hal_uart.o(i.UART_Receive_IT)
    i.UART_SetConfig                         0x08005688   Section        0  stm32f4xx_hal_uart.o(i.UART_SetConfig)
    UART_SetConfig                           0x08005689   Thumb Code   286  stm32f4xx_hal_uart.o(i.UART_SetConfig)
    i.UART_Transmit_IT                       0x080057b0   Section        0  stm32f4xx_hal_uart.o(i.UART_Transmit_IT)
    UART_Transmit_IT                         0x080057b1   Thumb Code    98  stm32f4xx_hal_uart.o(i.UART_Transmit_IT)
    i.USART1_IRQHandler                      0x08005814   Section        0  stm32f4xx_it.o(i.USART1_IRQHandler)
    i.UsageFault_Handler                     0x08005820   Section        0  stm32f4xx_it.o(i.UsageFault_Handler)
    i.__0printf$8                            0x08005824   Section        0  printf8.o(i.__0printf$8)
    i.__0sprintf$8                           0x08005844   Section        0  printf8.o(i.__0sprintf$8)
    i.__NVIC_SetPriority                     0x0800586c   Section        0  stm32f4xx_hal_cortex.o(i.__NVIC_SetPriority)
    __NVIC_SetPriority                       0x0800586d   Thumb Code    32  stm32f4xx_hal_cortex.o(i.__NVIC_SetPriority)
    i.__scatterload_copy                     0x0800588c   Section       14  handlers.o(i.__scatterload_copy)
    i.__scatterload_null                     0x0800589a   Section        2  handlers.o(i.__scatterload_null)
    i.__scatterload_zeroinit                 0x0800589c   Section       14  handlers.o(i.__scatterload_zeroinit)
    i._printf_core                           0x080058ac   Section        0  printf8.o(i._printf_core)
    _printf_core                             0x080058ad   Thumb Code   996  printf8.o(i._printf_core)
    i._printf_post_padding                   0x08005cbc   Section        0  printf8.o(i._printf_post_padding)
    _printf_post_padding                     0x08005cbd   Thumb Code    36  printf8.o(i._printf_post_padding)
    i._printf_pre_padding                    0x08005ce0   Section        0  printf8.o(i._printf_pre_padding)
    _printf_pre_padding                      0x08005ce1   Thumb Code    46  printf8.o(i._printf_pre_padding)
    i._sputc                                 0x08005d0e   Section        0  printf8.o(i._sputc)
    _sputc                                   0x08005d0f   Thumb Code    10  printf8.o(i._sputc)
    i.delay_init                             0x08005d18   Section        0  delay.o(i.delay_init)
    i.delay_ms                               0x08005d2c   Section        0  delay.o(i.delay_ms)
    i.delay_us                               0x08005d48   Section        0  delay.o(i.delay_us)
    i.fputc                                  0x08005d7c   Section        0  fputc.o(i.fputc)
    i.main                                   0x08005d90   Section        0  main.o(i.main)
    .constdata                               0x08005f20   Section       16  system_stm32f4xx.o(.constdata)
    .constdata                               0x08005f30   Section        8  system_stm32f4xx.o(.constdata)
    .constdata                               0x08005f38   Section    18240  lcd.o(.constdata)
    .data                                    0x20000000   Section       12  stm32f4xx_hal.o(.data)
    .data                                    0x2000000c   Section        4  system_stm32f4xx.o(.data)
    .data                                    0x20000010   Section        4  delay.o(.data)
    fac_us                                   0x20000010   Data           4  delay.o(.data)
    .data                                    0x20000014   Section      368  lcd.o(.data)
    .data                                    0x20000184   Section        8  ltdc.o(.data)
    .data                                    0x2000018c   Section        4  stdout.o(.data)
    .bss                                     0x20000190   Section      128  tim.o(.bss)
    .bss                                     0x20000210   Section       64  usart.o(.bss)
    .bss                                     0x20000250   Section       94  lcd.o(.bss)
    .bss                                     0x200002b0   Section      200  ltdc.o(.bss)
    .bss                                     0x20000378   Section       52  sdram.o(.bss)
    STACK                                    0x200003b0   Section     1024  startup_stm32f429xx.o(STACK)
    .ARM.__AT_0xC0000000                     0xc0000000   Section    2048000  ltdc.o(.ARM.__AT_0xC0000000)

    Global Symbols

    Symbol Name                              Value     Ov Type        Size  Object(Section)

    BuildAttributes$$THM_ISAv4$E$P$D$K$B$S$7EM$VFPi3$EXTD16$VFPS$VFMA$PE$A:L22UL41UL21$X:L11$S22US41US21$IEEE1$IW$USESV6$~STKCKD$USESV7$~SHL$OSPACE$ROPI$EBA8$MICROLIB$REQ8$PRES8$EABIv2 0x00000000   Number         0  anon$$obj.o ABSOLUTE
    __ARM_use_no_argv                        0x00000000   Number         0  main.o ABSOLUTE
    _printf_a                                0x00000000   Number         0  stubs.o ABSOLUTE
    _printf_c                                0x00000000   Number         0  stubs.o ABSOLUTE
    _printf_charcount                        0x00000000   Number         0  stubs.o ABSOLUTE
    _printf_d                                0x00000000   Number         0  stubs.o ABSOLUTE
    _printf_e                                0x00000000   Number         0  stubs.o ABSOLUTE
    _printf_f                                0x00000000   Number         0  stubs.o ABSOLUTE
    _printf_flags                            0x00000000   Number         0  stubs.o ABSOLUTE
    _printf_fp_dec                           0x00000000   Number         0  stubs.o ABSOLUTE
    _printf_fp_hex                           0x00000000   Number         0  stubs.o ABSOLUTE
    _printf_g                                0x00000000   Number         0  stubs.o ABSOLUTE
    _printf_i                                0x00000000   Number         0  stubs.o ABSOLUTE
    _printf_int_dec                          0x00000000   Number         0  stubs.o ABSOLUTE
    _printf_l                                0x00000000   Number         0  stubs.o ABSOLUTE
    _printf_lc                               0x00000000   Number         0  stubs.o ABSOLUTE
    _printf_ll                               0x00000000   Number         0  stubs.o ABSOLUTE
    _printf_lld                              0x00000000   Number         0  stubs.o ABSOLUTE
    _printf_lli                              0x00000000   Number         0  stubs.o ABSOLUTE
    _printf_llo                              0x00000000   Number         0  stubs.o ABSOLUTE
    _printf_llu                              0x00000000   Number         0  stubs.o ABSOLUTE
    _printf_llx                              0x00000000   Number         0  stubs.o ABSOLUTE
    _printf_longlong_dec                     0x00000000   Number         0  stubs.o ABSOLUTE
    _printf_longlong_hex                     0x00000000   Number         0  stubs.o ABSOLUTE
    _printf_longlong_oct                     0x00000000   Number         0  stubs.o ABSOLUTE
    _printf_ls                               0x00000000   Number         0  stubs.o ABSOLUTE
    _printf_mbtowc                           0x00000000   Number         0  stubs.o ABSOLUTE
    _printf_n                                0x00000000   Number         0  stubs.o ABSOLUTE
    _printf_o                                0x00000000   Number         0  stubs.o ABSOLUTE
    _printf_p                                0x00000000   Number         0  stubs.o ABSOLUTE
    _printf_percent                          0x00000000   Number         0  stubs.o ABSOLUTE
    _printf_pre_padding                      0x00000000   Number         0  stubs.o ABSOLUTE
    _printf_return_value                     0x00000000   Number         0  stubs.o ABSOLUTE
    _printf_s                                0x00000000   Number         0  stubs.o ABSOLUTE
    _printf_sizespec                         0x00000000   Number         0  stubs.o ABSOLUTE
    _printf_str                              0x00000000   Number         0  stubs.o ABSOLUTE
    _printf_truncate_signed                  0x00000000   Number         0  stubs.o ABSOLUTE
    _printf_truncate_unsigned                0x00000000   Number         0  stubs.o ABSOLUTE
    _printf_u                                0x00000000   Number         0  stubs.o ABSOLUTE
    _printf_wc                               0x00000000   Number         0  stubs.o ABSOLUTE
    _printf_wctomb                           0x00000000   Number         0  stubs.o ABSOLUTE
    _printf_widthprec                        0x00000000   Number         0  stubs.o ABSOLUTE
    _printf_x                                0x00000000   Number         0  stubs.o ABSOLUTE
    __cpp_initialize__aeabi_                  - Undefined Weak Reference
    __cxa_finalize                            - Undefined Weak Reference
    _clock_init                               - Undefined Weak Reference
    _microlib_exit                            - Undefined Weak Reference
    __Vectors_Size                           0x000001ac   Number         0  startup_stm32f429xx.o ABSOLUTE
    __Vectors                                0x08000000   Data           4  startup_stm32f429xx.o(RESET)
    __Vectors_End                            0x080001ac   Data           0  startup_stm32f429xx.o(RESET)
    __main                                   0x080001ad   Thumb Code     0  entry.o(.ARM.Collect$$$$00000000)
    _main_stk                                0x080001ad   Thumb Code     0  entry2.o(.ARM.Collect$$$$00000001)
    _main_scatterload                        0x080001b1   Thumb Code     0  entry5.o(.ARM.Collect$$$$00000004)
    __main_after_scatterload                 0x080001b5   Thumb Code     0  entry5.o(.ARM.Collect$$$$00000004)
    _main_clock                              0x080001b5   Thumb Code     0  entry7b.o(.ARM.Collect$$$$00000008)
    _main_cpp_init                           0x080001b5   Thumb Code     0  entry8b.o(.ARM.Collect$$$$0000000A)
    _main_init                               0x080001b5   Thumb Code     0  entry9a.o(.ARM.Collect$$$$0000000B)
    __rt_final_cpp                           0x080001bd   Thumb Code     0  entry10a.o(.ARM.Collect$$$$0000000D)
    __rt_final_exit                          0x080001bd   Thumb Code     0  entry11a.o(.ARM.Collect$$$$0000000F)
    Reset_Handler                            0x080001c1   Thumb Code     8  startup_stm32f429xx.o(.text)
    ADC_IRQHandler                           0x080001db   Thumb Code     0  startup_stm32f429xx.o(.text)
    CAN1_RX0_IRQHandler                      0x080001db   Thumb Code     0  startup_stm32f429xx.o(.text)
    CAN1_RX1_IRQHandler                      0x080001db   Thumb Code     0  startup_stm32f429xx.o(.text)
    CAN1_SCE_IRQHandler                      0x080001db   Thumb Code     0  startup_stm32f429xx.o(.text)
    CAN1_TX_IRQHandler                       0x080001db   Thumb Code     0  startup_stm32f429xx.o(.text)
    CAN2_RX0_IRQHandler                      0x080001db   Thumb Code     0  startup_stm32f429xx.o(.text)
    CAN2_RX1_IRQHandler                      0x080001db   Thumb Code     0  startup_stm32f429xx.o(.text)
    CAN2_SCE_IRQHandler                      0x080001db   Thumb Code     0  startup_stm32f429xx.o(.text)
    CAN2_TX_IRQHandler                       0x080001db   Thumb Code     0  startup_stm32f429xx.o(.text)
    DCMI_IRQHandler                          0x080001db   Thumb Code     0  startup_stm32f429xx.o(.text)
    DMA1_Stream0_IRQHandler                  0x080001db   Thumb Code     0  startup_stm32f429xx.o(.text)
    DMA1_Stream1_IRQHandler                  0x080001db   Thumb Code     0  startup_stm32f429xx.o(.text)
    DMA1_Stream2_IRQHandler                  0x080001db   Thumb Code     0  startup_stm32f429xx.o(.text)
    DMA1_Stream3_IRQHandler                  0x080001db   Thumb Code     0  startup_stm32f429xx.o(.text)
    DMA1_Stream4_IRQHandler                  0x080001db   Thumb Code     0  startup_stm32f429xx.o(.text)
    DMA1_Stream5_IRQHandler                  0x080001db   Thumb Code     0  startup_stm32f429xx.o(.text)
    DMA1_Stream6_IRQHandler                  0x080001db   Thumb Code     0  startup_stm32f429xx.o(.text)
    DMA1_Stream7_IRQHandler                  0x080001db   Thumb Code     0  startup_stm32f429xx.o(.text)
    DMA2D_IRQHandler                         0x080001db   Thumb Code     0  startup_stm32f429xx.o(.text)
    DMA2_Stream0_IRQHandler                  0x080001db   Thumb Code     0  startup_stm32f429xx.o(.text)
    DMA2_Stream1_IRQHandler                  0x080001db   Thumb Code     0  startup_stm32f429xx.o(.text)
    DMA2_Stream2_IRQHandler                  0x080001db   Thumb Code     0  startup_stm32f429xx.o(.text)
    DMA2_Stream3_IRQHandler                  0x080001db   Thumb Code     0  startup_stm32f429xx.o(.text)
    DMA2_Stream4_IRQHandler                  0x080001db   Thumb Code     0  startup_stm32f429xx.o(.text)
    DMA2_Stream5_IRQHandler                  0x080001db   Thumb Code     0  startup_stm32f429xx.o(.text)
    DMA2_Stream6_IRQHandler                  0x080001db   Thumb Code     0  startup_stm32f429xx.o(.text)
    DMA2_Stream7_IRQHandler                  0x080001db   Thumb Code     0  startup_stm32f429xx.o(.text)
    ETH_IRQHandler                           0x080001db   Thumb Code     0  startup_stm32f429xx.o(.text)
    ETH_WKUP_IRQHandler                      0x080001db   Thumb Code     0  startup_stm32f429xx.o(.text)
    EXTI0_IRQHandler                         0x080001db   Thumb Code     0  startup_stm32f429xx.o(.text)
    EXTI15_10_IRQHandler                     0x080001db   Thumb Code     0  startup_stm32f429xx.o(.text)
    EXTI1_IRQHandler                         0x080001db   Thumb Code     0  startup_stm32f429xx.o(.text)
    EXTI2_IRQHandler                         0x080001db   Thumb Code     0  startup_stm32f429xx.o(.text)
    EXTI4_IRQHandler                         0x080001db   Thumb Code     0  startup_stm32f429xx.o(.text)
    EXTI9_5_IRQHandler                       0x080001db   Thumb Code     0  startup_stm32f429xx.o(.text)
    FLASH_IRQHandler                         0x080001db   Thumb Code     0  startup_stm32f429xx.o(.text)
    FMC_IRQHandler                           0x080001db   Thumb Code     0  startup_stm32f429xx.o(.text)
    FPU_IRQHandler                           0x080001db   Thumb Code     0  startup_stm32f429xx.o(.text)
    HASH_RNG_IRQHandler                      0x080001db   Thumb Code     0  startup_stm32f429xx.o(.text)
    I2C1_ER_IRQHandler                       0x080001db   Thumb Code     0  startup_stm32f429xx.o(.text)
    I2C1_EV_IRQHandler                       0x080001db   Thumb Code     0  startup_stm32f429xx.o(.text)
    I2C2_ER_IRQHandler                       0x080001db   Thumb Code     0  startup_stm32f429xx.o(.text)
    I2C2_EV_IRQHandler                       0x080001db   Thumb Code     0  startup_stm32f429xx.o(.text)
    I2C3_ER_IRQHandler                       0x080001db   Thumb Code     0  startup_stm32f429xx.o(.text)
    I2C3_EV_IRQHandler                       0x080001db   Thumb Code     0  startup_stm32f429xx.o(.text)
    LTDC_ER_IRQHandler                       0x080001db   Thumb Code     0  startup_stm32f429xx.o(.text)
    LTDC_IRQHandler                          0x080001db   Thumb Code     0  startup_stm32f429xx.o(.text)
    OTG_FS_IRQHandler                        0x080001db   Thumb Code     0  startup_stm32f429xx.o(.text)
    OTG_FS_WKUP_IRQHandler                   0x080001db   Thumb Code     0  startup_stm32f429xx.o(.text)
    OTG_HS_EP1_IN_IRQHandler                 0x080001db   Thumb Code     0  startup_stm32f429xx.o(.text)
    OTG_HS_EP1_OUT_IRQHandler                0x080001db   Thumb Code     0  startup_stm32f429xx.o(.text)
    OTG_HS_IRQHandler                        0x080001db   Thumb Code     0  startup_stm32f429xx.o(.text)
    OTG_HS_WKUP_IRQHandler                   0x080001db   Thumb Code     0  startup_stm32f429xx.o(.text)
    PVD_IRQHandler                           0x080001db   Thumb Code     0  startup_stm32f429xx.o(.text)
    RCC_IRQHandler                           0x080001db   Thumb Code     0  startup_stm32f429xx.o(.text)
    RTC_Alarm_IRQHandler                     0x080001db   Thumb Code     0  startup_stm32f429xx.o(.text)
    RTC_WKUP_IRQHandler                      0x080001db   Thumb Code     0  startup_stm32f429xx.o(.text)
    SAI1_IRQHandler                          0x080001db   Thumb Code     0  startup_stm32f429xx.o(.text)
    SDIO_IRQHandler                          0x080001db   Thumb Code     0  startup_stm32f429xx.o(.text)
    SPI1_IRQHandler                          0x080001db   Thumb Code     0  startup_stm32f429xx.o(.text)
    SPI2_IRQHandler                          0x080001db   Thumb Code     0  startup_stm32f429xx.o(.text)
    SPI3_IRQHandler                          0x080001db   Thumb Code     0  startup_stm32f429xx.o(.text)
    SPI4_IRQHandler                          0x080001db   Thumb Code     0  startup_stm32f429xx.o(.text)
    SPI5_IRQHandler                          0x080001db   Thumb Code     0  startup_stm32f429xx.o(.text)
    SPI6_IRQHandler                          0x080001db   Thumb Code     0  startup_stm32f429xx.o(.text)
    TAMP_STAMP_IRQHandler                    0x080001db   Thumb Code     0  startup_stm32f429xx.o(.text)
    TIM1_BRK_TIM9_IRQHandler                 0x080001db   Thumb Code     0  startup_stm32f429xx.o(.text)
    TIM1_CC_IRQHandler                       0x080001db   Thumb Code     0  startup_stm32f429xx.o(.text)
    TIM1_TRG_COM_TIM11_IRQHandler            0x080001db   Thumb Code     0  startup_stm32f429xx.o(.text)
    TIM1_UP_TIM10_IRQHandler                 0x080001db   Thumb Code     0  startup_stm32f429xx.o(.text)
    TIM3_IRQHandler                          0x080001db   Thumb Code     0  startup_stm32f429xx.o(.text)
    TIM4_IRQHandler                          0x080001db   Thumb Code     0  startup_stm32f429xx.o(.text)
    TIM5_IRQHandler                          0x080001db   Thumb Code     0  startup_stm32f429xx.o(.text)
    TIM6_DAC_IRQHandler                      0x080001db   Thumb Code     0  startup_stm32f429xx.o(.text)
    TIM7_IRQHandler                          0x080001db   Thumb Code     0  startup_stm32f429xx.o(.text)
    TIM8_BRK_TIM12_IRQHandler                0x080001db   Thumb Code     0  startup_stm32f429xx.o(.text)
    TIM8_CC_IRQHandler                       0x080001db   Thumb Code     0  startup_stm32f429xx.o(.text)
    TIM8_TRG_COM_TIM14_IRQHandler            0x080001db   Thumb Code     0  startup_stm32f429xx.o(.text)
    TIM8_UP_TIM13_IRQHandler                 0x080001db   Thumb Code     0  startup_stm32f429xx.o(.text)
    UART4_IRQHandler                         0x080001db   Thumb Code     0  startup_stm32f429xx.o(.text)
    UART5_IRQHandler                         0x080001db   Thumb Code     0  startup_stm32f429xx.o(.text)
    UART7_IRQHandler                         0x080001db   Thumb Code     0  startup_stm32f429xx.o(.text)
    UART8_IRQHandler                         0x080001db   Thumb Code     0  startup_stm32f429xx.o(.text)
    USART2_IRQHandler                        0x080001db   Thumb Code     0  startup_stm32f429xx.o(.text)
    USART3_IRQHandler                        0x080001db   Thumb Code     0  startup_stm32f429xx.o(.text)
    USART6_IRQHandler                        0x080001db   Thumb Code     0  startup_stm32f429xx.o(.text)
    WWDG_IRQHandler                          0x080001db   Thumb Code     0  startup_stm32f429xx.o(.text)
    __aeabi_uldivmod                         0x080001e5   Thumb Code    98  uldiv.o(.text)
    __aeabi_memcpy                           0x08000247   Thumb Code    36  memcpya.o(.text)
    __aeabi_memcpy4                          0x08000247   Thumb Code     0  memcpya.o(.text)
    __aeabi_memcpy8                          0x08000247   Thumb Code     0  memcpya.o(.text)
    __aeabi_memset                           0x0800026b   Thumb Code    14  memseta.o(.text)
    __aeabi_memset4                          0x0800026b   Thumb Code     0  memseta.o(.text)
    __aeabi_memset8                          0x0800026b   Thumb Code     0  memseta.o(.text)
    __aeabi_memclr                           0x08000279   Thumb Code     4  memseta.o(.text)
    __aeabi_memclr4                          0x08000279   Thumb Code     0  memseta.o(.text)
    __aeabi_memclr8                          0x08000279   Thumb Code     0  memseta.o(.text)
    _memset$wrapper                          0x0800027d   Thumb Code    18  memseta.o(.text)
    __aeabi_dmul                             0x0800028f   Thumb Code   228  dmul.o(.text)
    __aeabi_ui2d                             0x08000373   Thumb Code    26  dfltui.o(.text)
    __aeabi_d2uiz                            0x0800038d   Thumb Code    50  dfixui.o(.text)
    __aeabi_llsl                             0x080003bf   Thumb Code    30  llshl.o(.text)
    _ll_shift_l                              0x080003bf   Thumb Code     0  llshl.o(.text)
    __aeabi_llsr                             0x080003dd   Thumb Code    32  llushr.o(.text)
    _ll_ushift_r                             0x080003dd   Thumb Code     0  llushr.o(.text)
    __I$use$fp                               0x080003fd   Thumb Code     0  iusefp.o(.text)
    _double_round                            0x080003fd   Thumb Code    30  depilogue.o(.text)
    _double_epilogue                         0x0800041b   Thumb Code   156  depilogue.o(.text)
    __scatterload                            0x080004b9   Thumb Code    28  init.o(.text)
    __scatterload_rt2                        0x080004b9   Thumb Code     0  init.o(.text)
    __I$use$semihosting$fputc                0x080004dd   Thumb Code     0  iusesemip.o(.text)
    __decompress                             0x080004dd   Thumb Code     0  __dczerorl.o(.text)
    __decompress0                            0x080004dd   Thumb Code    58  __dczerorl.o(.text)
    __semihosting_library_function           0x080004dd   Thumb Code     0  semi.o(.text)
    BusFault_Handler                         0x08000517   Thumb Code     2  stm32f4xx_it.o(i.BusFault_Handler)
    Chinese_Show_one                         0x08000519   Thumb Code   136  lcd.o(i.Chinese_Show_one)
    DebugMon_Handler                         0x080005a5   Thumb Code     2  stm32f4xx_it.o(i.DebugMon_Handler)
    EXTI3_IRQHandler                         0x080005a7   Thumb Code     6  stm32f4xx_it.o(i.EXTI3_IRQHandler)
    Error_Handler                            0x080005ad   Thumb Code     4  main.o(i.Error_Handler)
    FMC_NORSRAM_Extended_Timing_Init         0x080005b1   Thumb Code    60  stm32f4xx_ll_fmc.o(i.FMC_NORSRAM_Extended_Timing_Init)
    FMC_NORSRAM_Init                         0x080005f1   Thumb Code   104  stm32f4xx_ll_fmc.o(i.FMC_NORSRAM_Init)
    FMC_NORSRAM_Timing_Init                  0x0800065d   Thumb Code    86  stm32f4xx_ll_fmc.o(i.FMC_NORSRAM_Timing_Init)
    FMC_SDRAM_Init                           0x080006b9   Thumb Code    80  stm32f4xx_ll_fmc.o(i.FMC_SDRAM_Init)
    FMC_SDRAM_ProgramRefreshRate             0x08000709   Thumb Code    12  stm32f4xx_ll_fmc.o(i.FMC_SDRAM_ProgramRefreshRate)
    FMC_SDRAM_SendCommand                    0x08000715   Thumb Code    72  stm32f4xx_ll_fmc.o(i.FMC_SDRAM_SendCommand)
    FMC_SDRAM_Timing_Init                    0x0800075d   Thumb Code   124  stm32f4xx_ll_fmc.o(i.FMC_SDRAM_Timing_Init)
    HAL_DMA_Abort_IT                         0x080007dd   Thumb Code    36  stm32f4xx_hal_dma.o(i.HAL_DMA_Abort_IT)
    HAL_GPIO_EXTI_Callback                   0x08000801   Thumb Code     2  stm32f4xx_hal_gpio.o(i.HAL_GPIO_EXTI_Callback)
    HAL_GPIO_EXTI_IRQHandler                 0x08000805   Thumb Code    18  stm32f4xx_hal_gpio.o(i.HAL_GPIO_EXTI_IRQHandler)
    HAL_GPIO_Init                            0x0800081d   Thumb Code   414  stm32f4xx_hal_gpio.o(i.HAL_GPIO_Init)
    HAL_GPIO_ReadPin                         0x080009f1   Thumb Code    10  stm32f4xx_hal_gpio.o(i.HAL_GPIO_ReadPin)
    HAL_GPIO_TogglePin                       0x080009fb   Thumb Code    14  stm32f4xx_hal_gpio.o(i.HAL_GPIO_TogglePin)
    HAL_GPIO_WritePin                        0x08000a09   Thumb Code    10  stm32f4xx_hal_gpio.o(i.HAL_GPIO_WritePin)
    HAL_GetTick                              0x08000a15   Thumb Code     6  stm32f4xx_hal.o(i.HAL_GetTick)
    HAL_IncTick                              0x08000a21   Thumb Code    12  stm32f4xx_hal.o(i.HAL_IncTick)
    HAL_Init                                 0x08000a31   Thumb Code    48  stm32f4xx_hal.o(i.HAL_Init)
    HAL_InitTick                             0x08000a65   Thumb Code    54  stm32f4xx_hal.o(i.HAL_InitTick)
    HAL_LTDC_ConfigLayer                     0x08000aa5   Thumb Code    82  stm32f4xx_hal_ltdc.o(i.HAL_LTDC_ConfigLayer)
    HAL_LTDC_Init                            0x08000af9   Thumb Code   238  stm32f4xx_hal_ltdc.o(i.HAL_LTDC_Init)
    HAL_LTDC_MspInit                         0x08000bed   Thumb Code   218  ltdc.o(i.HAL_LTDC_MspInit)
    HAL_LTDC_SetWindowPosition               0x08000ce1   Thumb Code    84  stm32f4xx_hal_ltdc.o(i.HAL_LTDC_SetWindowPosition)
    HAL_LTDC_SetWindowSize                   0x08000d35   Thumb Code    84  stm32f4xx_hal_ltdc.o(i.HAL_LTDC_SetWindowSize)
    HAL_MspInit                              0x08000d89   Thumb Code    42  stm32f4xx_hal_msp.o(i.HAL_MspInit)
    HAL_NVIC_EnableIRQ                       0x08000db9   Thumb Code    26  stm32f4xx_hal_cortex.o(i.HAL_NVIC_EnableIRQ)
    HAL_NVIC_SetPriority                     0x08000dd5   Thumb Code    60  stm32f4xx_hal_cortex.o(i.HAL_NVIC_SetPriority)
    HAL_NVIC_SetPriorityGrouping             0x08000e15   Thumb Code    26  stm32f4xx_hal_cortex.o(i.HAL_NVIC_SetPriorityGrouping)
    HAL_PWREx_EnableOverDrive                0x08000e39   Thumb Code    98  stm32f4xx_hal_pwr_ex.o(i.HAL_PWREx_EnableOverDrive)
    HAL_RCCEx_PeriphCLKConfig                0x08000ea9   Thumb Code   560  stm32f4xx_hal_rcc_ex.o(i.HAL_RCCEx_PeriphCLKConfig)
    HAL_RCC_ClockConfig                      0x080010fd   Thumb Code   288  stm32f4xx_hal_rcc.o(i.HAL_RCC_ClockConfig)
    HAL_RCC_GetPCLK1Freq                     0x08001231   Thumb Code    20  stm32f4xx_hal_rcc.o(i.HAL_RCC_GetPCLK1Freq)
    HAL_RCC_GetPCLK2Freq                     0x08001251   Thumb Code    20  stm32f4xx_hal_rcc.o(i.HAL_RCC_GetPCLK2Freq)
    HAL_RCC_GetSysClockFreq                  0x08001271   Thumb Code    88  stm32f4xx_hal_rcc.o(i.HAL_RCC_GetSysClockFreq)
    HAL_RCC_OscConfig                        0x080012d5   Thumb Code   840  stm32f4xx_hal_rcc.o(i.HAL_RCC_OscConfig)
    HAL_SDRAM_Init                           0x08001631   Thumb Code    66  stm32f4xx_hal_sdram.o(i.HAL_SDRAM_Init)
    HAL_SDRAM_MspInit                        0x08001675   Thumb Code   194  sdram.o(i.HAL_SDRAM_MspInit)
    HAL_SDRAM_ProgramRefreshRate             0x08001751   Thumb Code    34  stm32f4xx_hal_sdram.o(i.HAL_SDRAM_ProgramRefreshRate)
    HAL_SDRAM_SendCommand                    0x08001775   Thumb Code    48  stm32f4xx_hal_sdram.o(i.HAL_SDRAM_SendCommand)
    HAL_SRAM_Init                            0x080017a5   Thumb Code    86  stm32f4xx_hal_sram.o(i.HAL_SRAM_Init)
    HAL_SRAM_MspInit                         0x080017fd   Thumb Code   106  lcd.o(i.HAL_SRAM_MspInit)
    HAL_SYSTICK_CLKSourceConfig              0x08001875   Thumb Code    24  stm32f4xx_hal_cortex.o(i.HAL_SYSTICK_CLKSourceConfig)
    HAL_SYSTICK_Config                       0x0800188d   Thumb Code    40  stm32f4xx_hal_cortex.o(i.HAL_SYSTICK_Config)
    HAL_TIMEx_BreakCallback                  0x080018b5   Thumb Code     2  stm32f4xx_hal_tim_ex.o(i.HAL_TIMEx_BreakCallback)
    HAL_TIMEx_CommutCallback                 0x080018b7   Thumb Code     2  stm32f4xx_hal_tim_ex.o(i.HAL_TIMEx_CommutCallback)
    HAL_TIMEx_MasterConfigSynchronization    0x080018b9   Thumb Code   116  stm32f4xx_hal_tim_ex.o(i.HAL_TIMEx_MasterConfigSynchronization)
    HAL_TIM_Base_Init                        0x08001949   Thumb Code    54  stm32f4xx_hal_tim.o(i.HAL_TIM_Base_Init)
    HAL_TIM_Base_MspInit                     0x08001981   Thumb Code    50  tim.o(i.HAL_TIM_Base_MspInit)
    HAL_TIM_ConfigClockSource                0x080019b9   Thumb Code   214  stm32f4xx_hal_tim.o(i.HAL_TIM_ConfigClockSource)
    HAL_TIM_IC_CaptureCallback               0x08001a8f   Thumb Code     2  stm32f4xx_hal_tim.o(i.HAL_TIM_IC_CaptureCallback)
    HAL_TIM_IRQHandler                       0x08001a91   Thumb Code   358  stm32f4xx_hal_tim.o(i.HAL_TIM_IRQHandler)
    HAL_TIM_MspPostInit                      0x08001bf9   Thumb Code    68  tim.o(i.HAL_TIM_MspPostInit)
    HAL_TIM_OC_DelayElapsedCallback          0x08001c49   Thumb Code     2  stm32f4xx_hal_tim.o(i.HAL_TIM_OC_DelayElapsedCallback)
    HAL_TIM_PWM_ConfigChannel                0x08001c4b   Thumb Code   208  stm32f4xx_hal_tim.o(i.HAL_TIM_PWM_ConfigChannel)
    HAL_TIM_PWM_Init                         0x08001d1b   Thumb Code    54  stm32f4xx_hal_tim.o(i.HAL_TIM_PWM_Init)
    HAL_TIM_PWM_MspInit                      0x08001d51   Thumb Code    30  tim.o(i.HAL_TIM_PWM_MspInit)
    HAL_TIM_PWM_PulseFinishedCallback        0x08001d79   Thumb Code     2  stm32f4xx_hal_tim.o(i.HAL_TIM_PWM_PulseFinishedCallback)
    HAL_TIM_PeriodElapsedCallback            0x08001d7b   Thumb Code     2  stm32f4xx_hal_tim.o(i.HAL_TIM_PeriodElapsedCallback)
    HAL_TIM_TriggerCallback                  0x08001d7d   Thumb Code     2  stm32f4xx_hal_tim.o(i.HAL_TIM_TriggerCallback)
    HAL_UART_ErrorCallback                   0x08001d7f   Thumb Code     2  stm32f4xx_hal_uart.o(i.HAL_UART_ErrorCallback)
    HAL_UART_IRQHandler                      0x08001d81   Thumb Code   270  stm32f4xx_hal_uart.o(i.HAL_UART_IRQHandler)
    HAL_UART_Init                            0x08001e95   Thumb Code    98  stm32f4xx_hal_uart.o(i.HAL_UART_Init)
    HAL_UART_MspInit                         0x08001ef9   Thumb Code   110  usart.o(i.HAL_UART_MspInit)
    HAL_UART_RxCpltCallback                  0x08001f75   Thumb Code     2  stm32f4xx_hal_uart.o(i.HAL_UART_RxCpltCallback)
    HAL_UART_TxCpltCallback                  0x08001f77   Thumb Code     2  stm32f4xx_hal_uart.o(i.HAL_UART_TxCpltCallback)
    HardFault_Handler                        0x08001f79   Thumb Code     2  stm32f4xx_it.o(i.HardFault_Handler)
    LCD_Clear                                0x08001f7d   Thumb Code    58  lcd.o(i.LCD_Clear)
    LCD_Display_Dir                          0x08001fc5   Thumb Code   234  lcd.o(i.LCD_Display_Dir)
    LCD_Fast_DrawPoint                       0x080020b9   Thumb Code   232  lcd.o(i.LCD_Fast_DrawPoint)
    LCD_Init                                 0x080021ad   Thumb Code  9092  lcd.o(i.LCD_Init)
    LCD_RD_DATA                              0x08004535   Thumb Code    16  lcd.o(i.LCD_RD_DATA)
    LCD_SSD_BackLightSet                     0x08004549   Thumb Code    72  lcd.o(i.LCD_SSD_BackLightSet)
    LCD_Scan_Dir                             0x08004599   Thumb Code   434  lcd.o(i.LCD_Scan_Dir)
    LCD_SetCursor                            0x08004751   Thumb Code   254  lcd.o(i.LCD_SetCursor)
    LCD_ShowChar                             0x08004855   Thumb Code   204  lcd.o(i.LCD_ShowChar)
    LCD_ShowString                           0x08004939   Thumb Code    84  lcd.o(i.LCD_ShowString)
    LCD_WR_DATA                              0x0800498d   Thumb Code    20  lcd.o(i.LCD_WR_DATA)
    LCD_WR_REG                               0x080049a5   Thumb Code    20  lcd.o(i.LCD_WR_REG)
    LCD_WriteRAM_Prepare                     0x080049bd   Thumb Code    10  lcd.o(i.LCD_WriteRAM_Prepare)
    LCD_WriteReg                             0x080049d1   Thumb Code    10  lcd.o(i.LCD_WriteReg)
    LTDC_Clear                               0x080049e1   Thumb Code    28  ltdc.o(i.LTDC_Clear)
    LTDC_Clk_Set                             0x08004a01   Thumb Code    30  ltdc.o(i.LTDC_Clk_Set)
    LTDC_Display_Dir                         0x08004a21   Thumb Code    32  ltdc.o(i.LTDC_Display_Dir)
    LTDC_Draw_Point                          0x08004a45   Thumb Code    52  ltdc.o(i.LTDC_Draw_Point)
    LTDC_Fill                                0x08004a81   Thumb Code   162  ltdc.o(i.LTDC_Fill)
    LTDC_Init                                0x08004b35   Thumb Code   456  ltdc.o(i.LTDC_Init)
    LTDC_Layer_Parameter_Config              0x08004d15   Thumb Code    86  ltdc.o(i.LTDC_Layer_Parameter_Config)
    LTDC_Layer_Window_Config                 0x08004d71   Thumb Code    32  ltdc.o(i.LTDC_Layer_Window_Config)
    LTDC_PanelID_Read                        0x08004d95   Thumb Code   170  ltdc.o(i.LTDC_PanelID_Read)
    MX_GPIO_Init                             0x08004fb1   Thumb Code   132  gpio.o(i.MX_GPIO_Init)
    MX_TIM2_Init                             0x08005045   Thumb Code    98  tim.o(i.MX_TIM2_Init)
    MX_TIM3_Init                             0x080050ad   Thumb Code   106  tim.o(i.MX_TIM3_Init)
    MX_USART1_UART_Init                      0x08005121   Thumb Code    48  usart.o(i.MX_USART1_UART_Init)
    MemManage_Handler                        0x08005159   Thumb Code     2  stm32f4xx_it.o(i.MemManage_Handler)
    NMI_Handler                              0x0800515b   Thumb Code     2  stm32f4xx_it.o(i.NMI_Handler)
    PendSV_Handler                           0x0800515d   Thumb Code     2  stm32f4xx_it.o(i.PendSV_Handler)
    SDRAM_Init                               0x08005161   Thumb Code    86  sdram.o(i.SDRAM_Init)
    SDRAM_Initialization_Sequence            0x080051c1   Thumb Code    74  sdram.o(i.SDRAM_Initialization_Sequence)
    SDRAM_Send_Cmd                           0x08005211   Thumb Code    48  sdram.o(i.SDRAM_Send_Cmd)
    SVC_Handler                              0x08005245   Thumb Code     2  stm32f4xx_it.o(i.SVC_Handler)
    SysTick_Handler                          0x08005247   Thumb Code     4  stm32f4xx_it.o(i.SysTick_Handler)
    SystemClock_Config                       0x0800524d   Thumb Code   148  main.o(i.SystemClock_Config)
    SystemInit                               0x080052e9   Thumb Code    22  system_stm32f4xx.o(i.SystemInit)
    TIM2_IRQHandler                          0x08005305   Thumb Code     6  stm32f4xx_it.o(i.TIM2_IRQHandler)
    TIM_Base_SetConfig                       0x08005311   Thumb Code   156  stm32f4xx_hal_tim.o(i.TIM_Base_SetConfig)
    TIM_ETR_SetConfig                        0x080053d9   Thumb Code    20  stm32f4xx_hal_tim.o(i.TIM_ETR_SetConfig)
    TIM_OC2_SetConfig                        0x0800545d   Thumb Code    98  stm32f4xx_hal_tim.o(i.TIM_OC2_SetConfig)
    USART1_IRQHandler                        0x08005815   Thumb Code     6  stm32f4xx_it.o(i.USART1_IRQHandler)
    UsageFault_Handler                       0x08005821   Thumb Code     2  stm32f4xx_it.o(i.UsageFault_Handler)
    __0printf$8                              0x08005825   Thumb Code    22  printf8.o(i.__0printf$8)
    __1printf$8                              0x08005825   Thumb Code     0  printf8.o(i.__0printf$8)
    __2printf                                0x08005825   Thumb Code     0  printf8.o(i.__0printf$8)
    __0sprintf$8                             0x08005845   Thumb Code    34  printf8.o(i.__0sprintf$8)
    __1sprintf$8                             0x08005845   Thumb Code     0  printf8.o(i.__0sprintf$8)
    __2sprintf                               0x08005845   Thumb Code     0  printf8.o(i.__0sprintf$8)
    __scatterload_copy                       0x0800588d   Thumb Code    14  handlers.o(i.__scatterload_copy)
    __scatterload_null                       0x0800589b   Thumb Code     2  handlers.o(i.__scatterload_null)
    __scatterload_zeroinit                   0x0800589d   Thumb Code    14  handlers.o(i.__scatterload_zeroinit)
    delay_init                               0x08005d19   Thumb Code    16  delay.o(i.delay_init)
    delay_ms                                 0x08005d2d   Thumb Code    26  delay.o(i.delay_ms)
    delay_us                                 0x08005d49   Thumb Code    48  delay.o(i.delay_us)
    fputc                                    0x08005d7d   Thumb Code    18  fputc.o(i.fputc)
    main                                     0x08005d91   Thumb Code   314  main.o(i.main)
    AHBPrescTable                            0x08005f20   Data          16  system_stm32f4xx.o(.constdata)
    APBPrescTable                            0x08005f30   Data           8  system_stm32f4xx.o(.constdata)
    asc2_1206                                0x08005f38   Data        1140  lcd.o(.constdata)
    asc2_1608                                0x080063ac   Data        1520  lcd.o(.constdata)
    asc2_2412                                0x0800699c   Data        3420  lcd.o(.constdata)
    asc2_3216                                0x080076f8   Data       12160  lcd.o(.constdata)
    Region$$Table$$Base                      0x0800a678   Number         0  anon$$obj.o(Region$$Table)
    Region$$Table$$Limit                     0x0800a698   Number         0  anon$$obj.o(Region$$Table)
    uwTickFreq                               0x20000000   Data           1  stm32f4xx_hal.o(.data)
    uwTickPrio                               0x20000004   Data           4  stm32f4xx_hal.o(.data)
    uwTick                                   0x20000008   Data           4  stm32f4xx_hal.o(.data)
    SystemCoreClock                          0x2000000c   Data           4  system_stm32f4xx.o(.data)
    POINT_COLOR                              0x20000014   Data           4  lcd.o(.data)
    BACK_COLOR                               0x20000018   Data           4  lcd.o(.data)
    gImage_bulethouch                        0x2000001c   Data         360  lcd.o(.data)
    ltdc_framebuf                            0x20000184   Data           8  ltdc.o(.data)
    __stdout                                 0x2000018c   Data           4  stdout.o(.data)
    htim2                                    0x20000190   Data          64  tim.o(.bss)
    htim3                                    0x200001d0   Data          64  tim.o(.bss)
    huart1                                   0x20000210   Data          64  usart.o(.bss)
    SRAM_Handler                             0x20000250   Data          80  lcd.o(.bss)
    lcddev                                   0x200002a0   Data          14  lcd.o(.bss)
    LTDC_Handler                             0x200002b0   Data         168  ltdc.o(.bss)
    lcdltdc                                  0x20000358   Data          32  ltdc.o(.bss)
    SDRAM_Handler                            0x20000378   Data          52  sdram.o(.bss)
    __initial_sp                             0x200007b0   Data           0  startup_stm32f429xx.o(STACK)
    ltdc_lcd_framebuf                        0xc0000000   Data       2048000  ltdc.o(.ARM.__AT_0xC0000000)



==============================================================================

Memory Map of the image

  Image Entry point : 0x080001ad

  Load Region LR_IROM1 (Base: 0x08000000, Size: 0x0000a828, Max: 0x00100000, ABSOLUTE, COMPRESSED[0x0000a72c])

    Execution Region ER_IROM1 (Exec base: 0x08000000, Load base: 0x08000000, Size: 0x0000a698, Max: 0x00100000, ABSOLUTE)

    Exec Addr    Load Addr    Size         Type   Attr      Idx    E Section Name        Object

    0x08000000   0x08000000   0x000001ac   Data   RO          438    RESET               startup_stm32f429xx.o
    0x080001ac   0x080001ac   0x00000000   Code   RO         4364  * .ARM.Collect$$$$00000000  mc_w.l(entry.o)
    0x080001ac   0x080001ac   0x00000004   Code   RO         4642    .ARM.Collect$$$$00000001  mc_w.l(entry2.o)
    0x080001b0   0x080001b0   0x00000004   Code   RO         4645    .ARM.Collect$$$$00000004  mc_w.l(entry5.o)
    0x080001b4   0x080001b4   0x00000000   Code   RO         4647    .ARM.Collect$$$$00000008  mc_w.l(entry7b.o)
    0x080001b4   0x080001b4   0x00000000   Code   RO         4649    .ARM.Collect$$$$0000000A  mc_w.l(entry8b.o)
    0x080001b4   0x080001b4   0x00000008   Code   RO         4650    .ARM.Collect$$$$0000000B  mc_w.l(entry9a.o)
    0x080001bc   0x080001bc   0x00000000   Code   RO         4652    .ARM.Collect$$$$0000000D  mc_w.l(entry10a.o)
    0x080001bc   0x080001bc   0x00000000   Code   RO         4654    .ARM.Collect$$$$0000000F  mc_w.l(entry11a.o)
    0x080001bc   0x080001bc   0x00000004   Code   RO         4643    .ARM.Collect$$$$00002712  mc_w.l(entry2.o)
    0x080001c0   0x080001c0   0x00000024   Code   RO          439    .text               startup_stm32f429xx.o
    0x080001e4   0x080001e4   0x00000062   Code   RO         4367    .text               mc_w.l(uldiv.o)
    0x08000246   0x08000246   0x00000024   Code   RO         4369    .text               mc_w.l(memcpya.o)
    0x0800026a   0x0800026a   0x00000024   Code   RO         4371    .text               mc_w.l(memseta.o)
    0x0800028e   0x0800028e   0x000000e4   Code   RO         4636    .text               mf_w.l(dmul.o)
    0x08000372   0x08000372   0x0000001a   Code   RO         4638    .text               mf_w.l(dfltui.o)
    0x0800038c   0x0800038c   0x00000032   Code   RO         4640    .text               mf_w.l(dfixui.o)
    0x080003be   0x080003be   0x0000001e   Code   RO         4661    .text               mc_w.l(llshl.o)
    0x080003dc   0x080003dc   0x00000020   Code   RO         4663    .text               mc_w.l(llushr.o)
    0x080003fc   0x080003fc   0x00000000   Code   RO         4665    .text               mc_w.l(iusefp.o)
    0x080003fc   0x080003fc   0x000000ba   Code   RO         4666    .text               mf_w.l(depilogue.o)
    0x080004b6   0x080004b6   0x00000002   PAD
    0x080004b8   0x080004b8   0x00000024   Code   RO         4676    .text               mc_w.l(init.o)
    0x080004dc   0x080004dc   0x00000000   Code   RO         4678    .text               mc_w.l(semi.o)
    0x080004dc   0x080004dc   0x00000000   Code   RO         4681    .text               mc_w.l(iusesemip.o)
    0x080004dc   0x080004dc   0x0000003a   Code   RO         4690    .text               mc_w.l(__dczerorl.o)
    0x08000516   0x08000516   0x00000002   Code   RO          321    i.BusFault_Handler  stm32f4xx_it.o
    0x08000518   0x08000518   0x0000008c   Code   RO         3964    i.Chinese_Show_one  lcd.o
    0x080005a4   0x080005a4   0x00000002   Code   RO          322    i.DebugMon_Handler  stm32f4xx_it.o
    0x080005a6   0x080005a6   0x00000006   Code   RO          323    i.EXTI3_IRQHandler  stm32f4xx_it.o
    0x080005ac   0x080005ac   0x00000004   Code   RO            4    i.Error_Handler     main.o
    0x080005b0   0x080005b0   0x00000040   Code   RO         3682    i.FMC_NORSRAM_Extended_Timing_Init  stm32f4xx_ll_fmc.o
    0x080005f0   0x080005f0   0x0000006c   Code   RO         3683    i.FMC_NORSRAM_Init  stm32f4xx_ll_fmc.o
    0x0800065c   0x0800065c   0x0000005c   Code   RO         3684    i.FMC_NORSRAM_Timing_Init  stm32f4xx_ll_fmc.o
    0x080006b8   0x080006b8   0x00000050   Code   RO         3694    i.FMC_SDRAM_Init    stm32f4xx_ll_fmc.o
    0x08000708   0x08000708   0x0000000c   Code   RO         3695    i.FMC_SDRAM_ProgramRefreshRate  stm32f4xx_ll_fmc.o
    0x08000714   0x08000714   0x00000048   Code   RO         3696    i.FMC_SDRAM_SendCommand  stm32f4xx_ll_fmc.o
    0x0800075c   0x0800075c   0x00000080   Code   RO         3698    i.FMC_SDRAM_Timing_Init  stm32f4xx_ll_fmc.o
    0x080007dc   0x080007dc   0x00000024   Code   RO         1889    i.HAL_DMA_Abort_IT  stm32f4xx_hal_dma.o
    0x08000800   0x08000800   0x00000002   Code   RO         1779    i.HAL_GPIO_EXTI_Callback  stm32f4xx_hal_gpio.o
    0x08000802   0x08000802   0x00000002   PAD
    0x08000804   0x08000804   0x00000018   Code   RO         1780    i.HAL_GPIO_EXTI_IRQHandler  stm32f4xx_hal_gpio.o
    0x0800081c   0x0800081c   0x000001d4   Code   RO         1781    i.HAL_GPIO_Init     stm32f4xx_hal_gpio.o
    0x080009f0   0x080009f0   0x0000000a   Code   RO         1783    i.HAL_GPIO_ReadPin  stm32f4xx_hal_gpio.o
    0x080009fa   0x080009fa   0x0000000e   Code   RO         1784    i.HAL_GPIO_TogglePin  stm32f4xx_hal_gpio.o
    0x08000a08   0x08000a08   0x0000000a   Code   RO         1785    i.HAL_GPIO_WritePin  stm32f4xx_hal_gpio.o
    0x08000a12   0x08000a12   0x00000002   PAD
    0x08000a14   0x08000a14   0x0000000c   Code   RO         2333    i.HAL_GetTick       stm32f4xx_hal.o
    0x08000a20   0x08000a20   0x00000010   Code   RO         2339    i.HAL_IncTick       stm32f4xx_hal.o
    0x08000a30   0x08000a30   0x00000034   Code   RO         2340    i.HAL_Init          stm32f4xx_hal.o
    0x08000a64   0x08000a64   0x00000040   Code   RO         2341    i.HAL_InitTick      stm32f4xx_hal.o
    0x08000aa4   0x08000aa4   0x00000052   Code   RO         3193    i.HAL_LTDC_ConfigLayer  stm32f4xx_hal_ltdc.o
    0x08000af6   0x08000af6   0x00000002   PAD
    0x08000af8   0x08000af8   0x000000f4   Code   RO         3210    i.HAL_LTDC_Init     stm32f4xx_hal_ltdc.o
    0x08000bec   0x08000bec   0x000000f4   Code   RO         4189    i.HAL_LTDC_MspInit  ltdc.o
    0x08000ce0   0x08000ce0   0x00000054   Code   RO         3225    i.HAL_LTDC_SetWindowPosition  stm32f4xx_hal_ltdc.o
    0x08000d34   0x08000d34   0x00000054   Code   RO         3227    i.HAL_LTDC_SetWindowSize  stm32f4xx_hal_ltdc.o
    0x08000d88   0x08000d88   0x00000030   Code   RO          415    i.HAL_MspInit       stm32f4xx_hal_msp.o
    0x08000db8   0x08000db8   0x0000001a   Code   RO         2188    i.HAL_NVIC_EnableIRQ  stm32f4xx_hal_cortex.o
    0x08000dd2   0x08000dd2   0x00000002   PAD
    0x08000dd4   0x08000dd4   0x00000040   Code   RO         2194    i.HAL_NVIC_SetPriority  stm32f4xx_hal_cortex.o
    0x08000e14   0x08000e14   0x00000024   Code   RO         2195    i.HAL_NVIC_SetPriorityGrouping  stm32f4xx_hal_cortex.o
    0x08000e38   0x08000e38   0x00000070   Code   RO         2117    i.HAL_PWREx_EnableOverDrive  stm32f4xx_hal_pwr_ex.o
    0x08000ea8   0x08000ea8   0x00000254   Code   RO         1482    i.HAL_RCCEx_PeriphCLKConfig  stm32f4xx_hal_rcc_ex.o
    0x080010fc   0x080010fc   0x00000134   Code   RO         1375    i.HAL_RCC_ClockConfig  stm32f4xx_hal_rcc.o
    0x08001230   0x08001230   0x00000020   Code   RO         1382    i.HAL_RCC_GetPCLK1Freq  stm32f4xx_hal_rcc.o
    0x08001250   0x08001250   0x00000020   Code   RO         1383    i.HAL_RCC_GetPCLK2Freq  stm32f4xx_hal_rcc.o
    0x08001270   0x08001270   0x00000064   Code   RO         1384    i.HAL_RCC_GetSysClockFreq  stm32f4xx_hal_rcc.o
    0x080012d4   0x080012d4   0x0000035c   Code   RO         1387    i.HAL_RCC_OscConfig  stm32f4xx_hal_rcc.o
    0x08001630   0x08001630   0x00000042   Code   RO         2920    i.HAL_SDRAM_Init    stm32f4xx_hal_sdram.o
    0x08001672   0x08001672   0x00000002   PAD
    0x08001674   0x08001674   0x000000dc   Code   RO         4309    i.HAL_SDRAM_MspInit  sdram.o
    0x08001750   0x08001750   0x00000022   Code   RO         2923    i.HAL_SDRAM_ProgramRefreshRate  stm32f4xx_hal_sdram.o
    0x08001772   0x08001772   0x00000002   PAD
    0x08001774   0x08001774   0x00000030   Code   RO         2929    i.HAL_SDRAM_SendCommand  stm32f4xx_hal_sdram.o
    0x080017a4   0x080017a4   0x00000056   Code   RO         3074    i.HAL_SRAM_Init     stm32f4xx_hal_sram.o
    0x080017fa   0x080017fa   0x00000002   PAD
    0x080017fc   0x080017fc   0x00000078   Code   RO         3965    i.HAL_SRAM_MspInit  lcd.o
    0x08001874   0x08001874   0x00000018   Code   RO         2197    i.HAL_SYSTICK_CLKSourceConfig  stm32f4xx_hal_cortex.o
    0x0800188c   0x0800188c   0x00000028   Code   RO         2199    i.HAL_SYSTICK_Config  stm32f4xx_hal_cortex.o
    0x080018b4   0x080018b4   0x00000002   Code   RO         1123    i.HAL_TIMEx_BreakCallback  stm32f4xx_hal_tim_ex.o
    0x080018b6   0x080018b6   0x00000002   Code   RO         1124    i.HAL_TIMEx_CommutCallback  stm32f4xx_hal_tim_ex.o
    0x080018b8   0x080018b8   0x00000090   Code   RO         1141    i.HAL_TIMEx_MasterConfigSynchronization  stm32f4xx_hal_tim_ex.o
    0x08001948   0x08001948   0x00000036   Code   RO          448    i.HAL_TIM_Base_Init  stm32f4xx_hal_tim.o
    0x0800197e   0x0800197e   0x00000002   PAD
    0x08001980   0x08001980   0x00000038   Code   RO          214    i.HAL_TIM_Base_MspInit  tim.o
    0x080019b8   0x080019b8   0x000000d6   Code   RO          457    i.HAL_TIM_ConfigClockSource  stm32f4xx_hal_tim.o
    0x08001a8e   0x08001a8e   0x00000002   Code   RO          477    i.HAL_TIM_IC_CaptureCallback  stm32f4xx_hal_tim.o
    0x08001a90   0x08001a90   0x00000166   Code   RO          491    i.HAL_TIM_IRQHandler  stm32f4xx_hal_tim.o
    0x08001bf6   0x08001bf6   0x00000002   PAD
    0x08001bf8   0x08001bf8   0x00000050   Code   RO          215    i.HAL_TIM_MspPostInit  tim.o
    0x08001c48   0x08001c48   0x00000002   Code   RO          494    i.HAL_TIM_OC_DelayElapsedCallback  stm32f4xx_hal_tim.o
    0x08001c4a   0x08001c4a   0x000000d0   Code   RO          515    i.HAL_TIM_PWM_ConfigChannel  stm32f4xx_hal_tim.o
    0x08001d1a   0x08001d1a   0x00000036   Code   RO          518    i.HAL_TIM_PWM_Init  stm32f4xx_hal_tim.o
    0x08001d50   0x08001d50   0x00000028   Code   RO          217    i.HAL_TIM_PWM_MspInit  tim.o
    0x08001d78   0x08001d78   0x00000002   Code   RO          521    i.HAL_TIM_PWM_PulseFinishedCallback  stm32f4xx_hal_tim.o
    0x08001d7a   0x08001d7a   0x00000002   Code   RO          529    i.HAL_TIM_PeriodElapsedCallback  stm32f4xx_hal_tim.o
    0x08001d7c   0x08001d7c   0x00000002   Code   RO          534    i.HAL_TIM_TriggerCallback  stm32f4xx_hal_tim.o
    0x08001d7e   0x08001d7e   0x00000002   Code   RO         2609    i.HAL_UART_ErrorCallback  stm32f4xx_hal_uart.o
    0x08001d80   0x08001d80   0x00000114   Code   RO         2612    i.HAL_UART_IRQHandler  stm32f4xx_hal_uart.o
    0x08001e94   0x08001e94   0x00000062   Code   RO         2613    i.HAL_UART_Init     stm32f4xx_hal_uart.o
    0x08001ef6   0x08001ef6   0x00000002   PAD
    0x08001ef8   0x08001ef8   0x0000007c   Code   RO          280    i.HAL_UART_MspInit  usart.o
    0x08001f74   0x08001f74   0x00000002   Code   RO         2619    i.HAL_UART_RxCpltCallback  stm32f4xx_hal_uart.o
    0x08001f76   0x08001f76   0x00000002   Code   RO         2624    i.HAL_UART_TxCpltCallback  stm32f4xx_hal_uart.o
    0x08001f78   0x08001f78   0x00000002   Code   RO          324    i.HardFault_Handler  stm32f4xx_it.o
    0x08001f7a   0x08001f7a   0x00000002   PAD
    0x08001f7c   0x08001f7c   0x00000048   Code   RO         3967    i.LCD_Clear         lcd.o
    0x08001fc4   0x08001fc4   0x000000f4   Code   RO         3971    i.LCD_Display_Dir   lcd.o
    0x080020b8   0x080020b8   0x000000f4   Code   RO         3976    i.LCD_Fast_DrawPoint  lcd.o
    0x080021ac   0x080021ac   0x00002388   Code   RO         3978    i.LCD_Init          lcd.o
    0x08004534   0x08004534   0x00000014   Code   RO         3980    i.LCD_RD_DATA       lcd.o
    0x08004548   0x08004548   0x00000050   Code   RO         3983    i.LCD_SSD_BackLightSet  lcd.o
    0x08004598   0x08004598   0x000001b8   Code   RO         3984    i.LCD_Scan_Dir      lcd.o
    0x08004750   0x08004750   0x00000104   Code   RO         3985    i.LCD_SetCursor     lcd.o
    0x08004854   0x08004854   0x000000e4   Code   RO         3987    i.LCD_ShowChar      lcd.o
    0x08004938   0x08004938   0x00000054   Code   RO         3989    i.LCD_ShowString    lcd.o
    0x0800498c   0x0800498c   0x00000018   Code   RO         3991    i.LCD_WR_DATA       lcd.o
    0x080049a4   0x080049a4   0x00000018   Code   RO         3992    i.LCD_WR_REG        lcd.o
    0x080049bc   0x080049bc   0x00000014   Code   RO         3994    i.LCD_WriteRAM_Prepare  lcd.o
    0x080049d0   0x080049d0   0x00000010   Code   RO         3995    i.LCD_WriteReg      lcd.o
    0x080049e0   0x080049e0   0x00000020   Code   RO         4190    i.LTDC_Clear        ltdc.o
    0x08004a00   0x08004a00   0x0000001e   Code   RO         4191    i.LTDC_Clk_Set      ltdc.o
    0x08004a1e   0x08004a1e   0x00000002   PAD
    0x08004a20   0x08004a20   0x00000024   Code   RO         4193    i.LTDC_Display_Dir  ltdc.o
    0x08004a44   0x08004a44   0x0000003c   Code   RO         4194    i.LTDC_Draw_Point   ltdc.o
    0x08004a80   0x08004a80   0x000000b4   Code   RO         4195    i.LTDC_Fill         ltdc.o
    0x08004b34   0x08004b34   0x000001e0   Code   RO         4196    i.LTDC_Init         ltdc.o
    0x08004d14   0x08004d14   0x0000005c   Code   RO         4197    i.LTDC_Layer_Parameter_Config  ltdc.o
    0x08004d70   0x08004d70   0x00000024   Code   RO         4199    i.LTDC_Layer_Window_Config  ltdc.o
    0x08004d94   0x08004d94   0x000000b8   Code   RO         4200    i.LTDC_PanelID_Read  ltdc.o
    0x08004e4c   0x08004e4c   0x00000162   Code   RO         3229    i.LTDC_SetConfig    stm32f4xx_hal_ltdc.o
    0x08004fae   0x08004fae   0x00000002   PAD
    0x08004fb0   0x08004fb0   0x00000094   Code   RO          189    i.MX_GPIO_Init      gpio.o
    0x08005044   0x08005044   0x00000068   Code   RO          218    i.MX_TIM2_Init      tim.o
    0x080050ac   0x080050ac   0x00000074   Code   RO          219    i.MX_TIM3_Init      tim.o
    0x08005120   0x08005120   0x00000038   Code   RO          281    i.MX_USART1_UART_Init  usart.o
    0x08005158   0x08005158   0x00000002   Code   RO          325    i.MemManage_Handler  stm32f4xx_it.o
    0x0800515a   0x0800515a   0x00000002   Code   RO          326    i.NMI_Handler       stm32f4xx_it.o
    0x0800515c   0x0800515c   0x00000002   Code   RO          327    i.PendSV_Handler    stm32f4xx_it.o
    0x0800515e   0x0800515e   0x00000002   PAD
    0x08005160   0x08005160   0x00000060   Code   RO         4310    i.SDRAM_Init        sdram.o
    0x080051c0   0x080051c0   0x00000050   Code   RO         4311    i.SDRAM_Initialization_Sequence  sdram.o
    0x08005210   0x08005210   0x00000034   Code   RO         4312    i.SDRAM_Send_Cmd    sdram.o
    0x08005244   0x08005244   0x00000002   Code   RO          328    i.SVC_Handler       stm32f4xx_it.o
    0x08005246   0x08005246   0x00000004   Code   RO          329    i.SysTick_Handler   stm32f4xx_it.o
    0x0800524a   0x0800524a   0x00000002   PAD
    0x0800524c   0x0800524c   0x0000009c   Code   RO            5    i.SystemClock_Config  main.o
    0x080052e8   0x080052e8   0x0000001c   Code   RO         3855    i.SystemInit        system_stm32f4xx.o
    0x08005304   0x08005304   0x0000000c   Code   RO          330    i.TIM2_IRQHandler   stm32f4xx_it.o
    0x08005310   0x08005310   0x000000c8   Code   RO          536    i.TIM_Base_SetConfig  stm32f4xx_hal_tim.o
    0x080053d8   0x080053d8   0x00000014   Code   RO          547    i.TIM_ETR_SetConfig  stm32f4xx_hal_tim.o
    0x080053ec   0x080053ec   0x00000010   Code   RO          548    i.TIM_ITRx_SetConfig  stm32f4xx_hal_tim.o
    0x080053fc   0x080053fc   0x00000060   Code   RO          549    i.TIM_OC1_SetConfig  stm32f4xx_hal_tim.o
    0x0800545c   0x0800545c   0x0000006c   Code   RO          550    i.TIM_OC2_SetConfig  stm32f4xx_hal_tim.o
    0x080054c8   0x080054c8   0x00000068   Code   RO          551    i.TIM_OC3_SetConfig  stm32f4xx_hal_tim.o
    0x08005530   0x08005530   0x00000050   Code   RO          552    i.TIM_OC4_SetConfig  stm32f4xx_hal_tim.o
    0x08005580   0x08005580   0x00000022   Code   RO          554    i.TIM_TI1_ConfigInputStage  stm32f4xx_hal_tim.o
    0x080055a2   0x080055a2   0x00000024   Code   RO          556    i.TIM_TI2_ConfigInputStage  stm32f4xx_hal_tim.o
    0x080055c6   0x080055c6   0x00000010   Code   RO         2626    i.UART_DMAAbortOnError  stm32f4xx_hal_uart.o
    0x080055d6   0x080055d6   0x0000001c   Code   RO         2636    i.UART_EndRxTransfer  stm32f4xx_hal_uart.o
    0x080055f2   0x080055f2   0x00000096   Code   RO         2638    i.UART_Receive_IT   stm32f4xx_hal_uart.o
    0x08005688   0x08005688   0x00000128   Code   RO         2639    i.UART_SetConfig    stm32f4xx_hal_uart.o
    0x080057b0   0x080057b0   0x00000062   Code   RO         2640    i.UART_Transmit_IT  stm32f4xx_hal_uart.o
    0x08005812   0x08005812   0x00000002   PAD
    0x08005814   0x08005814   0x0000000c   Code   RO          331    i.USART1_IRQHandler  stm32f4xx_it.o
    0x08005820   0x08005820   0x00000002   Code   RO          332    i.UsageFault_Handler  stm32f4xx_it.o
    0x08005822   0x08005822   0x00000002   PAD
    0x08005824   0x08005824   0x00000020   Code   RO         4582    i.__0printf$8       mc_w.l(printf8.o)
    0x08005844   0x08005844   0x00000028   Code   RO         4584    i.__0sprintf$8      mc_w.l(printf8.o)
    0x0800586c   0x0800586c   0x00000020   Code   RO         2201    i.__NVIC_SetPriority  stm32f4xx_hal_cortex.o
    0x0800588c   0x0800588c   0x0000000e   Code   RO         4684    i.__scatterload_copy  mc_w.l(handlers.o)
    0x0800589a   0x0800589a   0x00000002   Code   RO         4685    i.__scatterload_null  mc_w.l(handlers.o)
    0x0800589c   0x0800589c   0x0000000e   Code   RO         4686    i.__scatterload_zeroinit  mc_w.l(handlers.o)
    0x080058aa   0x080058aa   0x00000002   PAD
    0x080058ac   0x080058ac   0x00000410   Code   RO         4589    i._printf_core      mc_w.l(printf8.o)
    0x08005cbc   0x08005cbc   0x00000024   Code   RO         4590    i._printf_post_padding  mc_w.l(printf8.o)
    0x08005ce0   0x08005ce0   0x0000002e   Code   RO         4591    i._printf_pre_padding  mc_w.l(printf8.o)
    0x08005d0e   0x08005d0e   0x0000000a   Code   RO         4593    i._sputc            mc_w.l(printf8.o)
    0x08005d18   0x08005d18   0x00000014   Code   RO         3892    i.delay_init        delay.o
    0x08005d2c   0x08005d2c   0x0000001a   Code   RO         3893    i.delay_ms          delay.o
    0x08005d46   0x08005d46   0x00000002   PAD
    0x08005d48   0x08005d48   0x00000034   Code   RO         3894    i.delay_us          delay.o
    0x08005d7c   0x08005d7c   0x00000012   Code   RO         4656    i.fputc             mc_w.l(fputc.o)
    0x08005d8e   0x08005d8e   0x00000002   PAD
    0x08005d90   0x08005d90   0x00000190   Code   RO            6    i.main              main.o
    0x08005f20   0x08005f20   0x00000010   Data   RO         3856    .constdata          system_stm32f4xx.o
    0x08005f30   0x08005f30   0x00000008   Data   RO         3857    .constdata          system_stm32f4xx.o
    0x08005f38   0x08005f38   0x00004740   Data   RO         3998    .constdata          lcd.o
    0x0800a678   0x0800a678   0x00000020   Data   RO         4682    Region$$Table       anon$$obj.o


    Execution Region RW_IRAM2 (Exec base: 0x10000000, Load base: 0x0800a72c, Size: 0x00000000, Max: 0x00010000, ABSOLUTE)

    **** No section assigned to this execution region ****


    Execution Region RW_IRAM1 (Exec base: 0x20000000, Load base: 0x0800a698, Size: 0x000007b0, Max: 0x00030000, ABSOLUTE, COMPRESSED[0x00000094])

    Exec Addr    Load Addr    Size         Type   Attr      Idx    E Section Name        Object

    0x20000000   COMPRESSED   0x0000000c   Data   RW         2347    .data               stm32f4xx_hal.o
    0x2000000c   COMPRESSED   0x00000004   Data   RW         3858    .data               system_stm32f4xx.o
    0x20000010   COMPRESSED   0x00000004   Data   RW         3895    .data               delay.o
    0x20000014   COMPRESSED   0x00000170   Data   RW         3999    .data               lcd.o
    0x20000184   COMPRESSED   0x00000008   Data   RW         4207    .data               ltdc.o
    0x2000018c   COMPRESSED   0x00000004   Data   RW         4658    .data               mc_w.l(stdout.o)
    0x20000190        -       0x00000080   Zero   RW          220    .bss                tim.o
    0x20000210        -       0x00000040   Zero   RW          282    .bss                usart.o
    0x20000250        -       0x0000005e   Zero   RW         3997    .bss                lcd.o
    0x200002ae   COMPRESSED   0x00000002   PAD
    0x200002b0        -       0x000000c8   Zero   RW         4205    .bss                ltdc.o
    0x20000378        -       0x00000034   Zero   RW         4313    .bss                sdram.o
    0x200003ac   COMPRESSED   0x00000004   PAD
    0x200003b0        -       0x00000400   Zero   RW          436    STACK               startup_stm32f429xx.o



  Load Region LR$$.ARM.__AT_0xC0000000 (Base: 0xc0000000, Size: 0x00000000, Max: 0x001f4000, ABSOLUTE)

    Execution Region ER$$.ARM.__AT_0xC0000000 (Exec base: 0xc0000000, Load base: 0xc0000000, Size: 0x001f4000, Max: 0x001f4000, ABSOLUTE, UNINIT)

    Exec Addr    Load Addr    Size         Type   Attr      Idx    E Section Name        Object

    0xc0000000        -       0x001f4000   Zero   RW         4204    .ARM.__AT_0xC0000000  ltdc.o


==============================================================================

Image component sizes


      Code (inc. data)   RO Data    RW Data    ZI Data      Debug   Object Name

        98          8          0          4          0       2047   delay.o
       148         16          0          0          0       1007   gpio.o
     11112        178      18240        368         94      20306   lcd.o
      1374        114          0          8    2048200       9604   ltdc.o
       560         94          0          0          0     781180   main.o
       448         46          0          0         52       3494   sdram.o
        36          8        428          0       1024        836   startup_stm32f429xx.o
       144         24          0         12          0       9153   stm32f4xx_hal.o
       222         14          0          0          0      34829   stm32f4xx_hal_cortex.o
        36          0          0          0          0       1275   stm32f4xx_hal_dma.o
       528         60          0          0          0       5100   stm32f4xx_hal_gpio.o
       848          6          0          0          0       4921   stm32f4xx_hal_ltdc.o
        48          6          0          0          0        922   stm32f4xx_hal_msp.o
       112         14          0          0          0       1352   stm32f4xx_hal_pwr_ex.o
      1332         76          0          0          0       5420   stm32f4xx_hal_rcc.o
       596         36          0          0          0       1676   stm32f4xx_hal_rcc_ex.o
       148          0          0          0          0       2848   stm32f4xx_hal_sdram.o
        86          0          0          0          0       1280   stm32f4xx_hal_sram.o
      1592         80          0          0          0      15220   stm32f4xx_hal_tim.o
       148         28          0          0          0       2585   stm32f4xx_hal_tim_ex.o
       968         16          0          0          0       7815   stm32f4xx_hal_uart.o
        50         12          0          0          0       5963   stm32f4xx_it.o
       556         18          0          0          0       6080   stm32f4xx_ll_fmc.o
        28          6         24          4          0       1247   system_stm32f4xx.o
       396         44          0          0        128       3791   tim.o
       180         22          0          0         64       1850   usart.o

    ----------------------------------------------------------------------
     21830        926      18724        396    2049568     931801   Object Totals
         0          0         32          0          0          0   (incl. Generated)
        36          0          0          0          6          0   (incl. Padding)

    ----------------------------------------------------------------------

      Code (inc. data)   RO Data    RW Data    ZI Data      Debug   Library Member Name

        58          0          0          0          0          0   __dczerorl.o
         0          0          0          0          0          0   entry.o
         0          0          0          0          0          0   entry10a.o
         0          0          0          0          0          0   entry11a.o
         8          4          0          0          0          0   entry2.o
         4          0          0          0          0          0   entry5.o
         0          0          0          0          0          0   entry7b.o
         0          0          0          0          0          0   entry8b.o
         8          4          0          0          0          0   entry9a.o
        18          0          0          0          0         80   fputc.o
        30          0          0          0          0          0   handlers.o
        36          8          0          0          0         68   init.o
         0          0          0          0          0          0   iusefp.o
         0          0          0          0          0          0   iusesemip.o
        30          0          0          0          0         68   llshl.o
        32          0          0          0          0         68   llushr.o
        36          0          0          0          0         68   memcpya.o
        36          0          0          0          0        108   memseta.o
      1204         60          0          0          0        504   printf8.o
         0          0          0          0          0          0   semi.o
         0          0          0          4          0          0   stdout.o
        98          0          0          0          0         92   uldiv.o
       186          0          0          0          0        176   depilogue.o
        50          0          0          0          0         76   dfixui.o
        26          0          0          0          0         76   dfltui.o
       228          0          0          0          0         96   dmul.o

    ----------------------------------------------------------------------
      2094         76          0          4          0       1480   Library Totals
         6          0          0          0          0          0   (incl. Padding)

    ----------------------------------------------------------------------

      Code (inc. data)   RO Data    RW Data    ZI Data      Debug   Library Name

      1598         76          0          4          0       1056   mc_w.l
       490          0          0          0          0        424   mf_w.l

    ----------------------------------------------------------------------
      2094         76          0          4          0       1480   Library Totals

    ----------------------------------------------------------------------

==============================================================================


      Code (inc. data)   RO Data    RW Data    ZI Data      Debug   

     23924       1002      18724        400    2049568     920585   Grand Totals
     23924       1002      18724        148    2049568     920585   ELF Image Totals (compressed)
     23924       1002      18724        148          0          0   ROM Totals

==============================================================================

    Total RO  Size (Code + RO Data)                42648 (  41.65kB)
    Total RW  Size (RW Data + ZI Data)           2049968 (2001.92kB)
    Total ROM Size (Code + RO Data + RW Data)      42796 (  41.79kB)

==============================================================================

